Archive member included to satisfy reference by file (symbol)

arduino_includes/libprint.a(Print.cpp.obj)
                              CMakeFiles/magloop_pico.dir/Adafruit_ILI9341/Adafruit_ILI9341.cpp.obj (Print::write(unsigned char const*, unsigned int))
/usr/lib/gcc/arm-none-eabi/8.3.1/../../../arm-none-eabi/lib/thumb/v6-m/nofp/libstdc++.a(si_class_type_info.o)
                              CMakeFiles/magloop_pico.dir/Adafruit_ILI9341/Adafruit_ILI9341.cpp.obj (vtable for __cxxabiv1::__si_class_type_info)
/usr/lib/gcc/arm-none-eabi/8.3.1/../../../arm-none-eabi/lib/thumb/v6-m/nofp/libstdc++.a(pure.o)
                              CMakeFiles/magloop_pico.dir/Adafruit-GFX-Library/Adafruit_GFX.cpp.obj (__cxa_pure_virtual)
/usr/lib/gcc/arm-none-eabi/8.3.1/../../../arm-none-eabi/lib/thumb/v6-m/nofp/libstdc++.a(new_op.o)
                              CMakeFiles/magloop_pico.dir/magloop_pico.cpp.obj (operator new(unsigned int))
/usr/lib/gcc/arm-none-eabi/8.3.1/../../../arm-none-eabi/lib/thumb/v6-m/nofp/libstdc++.a(new_handler.o)
                              /usr/lib/gcc/arm-none-eabi/8.3.1/../../../arm-none-eabi/lib/thumb/v6-m/nofp/libstdc++.a(new_op.o) (std::get_new_handler())
/usr/lib/gcc/arm-none-eabi/8.3.1/../../../arm-none-eabi/lib/thumb/v6-m/nofp/libstdc++.a(eh_throw.o)
                              /usr/lib/gcc/arm-none-eabi/8.3.1/../../../arm-none-eabi/lib/thumb/v6-m/nofp/libstdc++.a(new_op.o) (__cxa_throw)
/usr/lib/gcc/arm-none-eabi/8.3.1/../../../arm-none-eabi/lib/thumb/v6-m/nofp/libstdc++.a(eh_terminate.o)
                              /usr/lib/gcc/arm-none-eabi/8.3.1/../../../arm-none-eabi/lib/thumb/v6-m/nofp/libstdc++.a(eh_throw.o) (__cxxabiv1::__terminate(void (*)()))
/usr/lib/gcc/arm-none-eabi/8.3.1/../../../arm-none-eabi/lib/thumb/v6-m/nofp/libstdc++.a(eh_term_handler.o)
                              /usr/lib/gcc/arm-none-eabi/8.3.1/../../../arm-none-eabi/lib/thumb/v6-m/nofp/libstdc++.a(eh_terminate.o) (__cxxabiv1::__terminate_handler)
/usr/lib/gcc/arm-none-eabi/8.3.1/../../../arm-none-eabi/lib/thumb/v6-m/nofp/libstdc++.a(eh_personality.o)
                              CMakeFiles/magloop_pico.dir/magloop_pico.cpp.obj (__gxx_personality_v0)
/usr/lib/gcc/arm-none-eabi/8.3.1/../../../arm-none-eabi/lib/thumb/v6-m/nofp/libstdc++.a(eh_globals.o)
                              /usr/lib/gcc/arm-none-eabi/8.3.1/../../../arm-none-eabi/lib/thumb/v6-m/nofp/libstdc++.a(eh_throw.o) (__cxa_get_globals)
/usr/lib/gcc/arm-none-eabi/8.3.1/../../../arm-none-eabi/lib/thumb/v6-m/nofp/libstdc++.a(eh_catch.o)
                              /usr/lib/gcc/arm-none-eabi/8.3.1/../../../arm-none-eabi/lib/thumb/v6-m/nofp/libstdc++.a(eh_throw.o) (__cxa_begin_catch)
/usr/lib/gcc/arm-none-eabi/8.3.1/../../../arm-none-eabi/lib/thumb/v6-m/nofp/libstdc++.a(eh_call.o)
                              /usr/lib/gcc/arm-none-eabi/8.3.1/../../../arm-none-eabi/lib/thumb/v6-m/nofp/libstdc++.a(eh_personality.o) (__cxa_call_terminate)
/usr/lib/gcc/arm-none-eabi/8.3.1/../../../arm-none-eabi/lib/thumb/v6-m/nofp/libstdc++.a(eh_arm.o)
                              CMakeFiles/magloop_pico.dir/magloop_pico.cpp.obj (__cxa_end_cleanup)
/usr/lib/gcc/arm-none-eabi/8.3.1/../../../arm-none-eabi/lib/thumb/v6-m/nofp/libstdc++.a(eh_alloc.o)
                              /usr/lib/gcc/arm-none-eabi/8.3.1/../../../arm-none-eabi/lib/thumb/v6-m/nofp/libstdc++.a(new_op.o) (__cxa_allocate_exception)
/usr/lib/gcc/arm-none-eabi/8.3.1/../../../arm-none-eabi/lib/thumb/v6-m/nofp/libstdc++.a(del_ops.o)
                              /usr/lib/gcc/arm-none-eabi/8.3.1/../../../arm-none-eabi/lib/thumb/v6-m/nofp/libstdc++.a(si_class_type_info.o) (operator delete(void*, unsigned int))
/usr/lib/gcc/arm-none-eabi/8.3.1/../../../arm-none-eabi/lib/thumb/v6-m/nofp/libstdc++.a(del_op.o)
                              CMakeFiles/magloop_pico.dir/magloop_pico.cpp.obj (operator delete(void*))
/usr/lib/gcc/arm-none-eabi/8.3.1/../../../arm-none-eabi/lib/thumb/v6-m/nofp/libstdc++.a(class_type_info.o)
                              /usr/lib/gcc/arm-none-eabi/8.3.1/../../../arm-none-eabi/lib/thumb/v6-m/nofp/libstdc++.a(si_class_type_info.o) (__cxxabiv1::__class_type_info::__do_upcast(__cxxabiv1::__class_type_info const*, void**) const)
/usr/lib/gcc/arm-none-eabi/8.3.1/../../../arm-none-eabi/lib/thumb/v6-m/nofp/libstdc++.a(bad_alloc.o)
                              /usr/lib/gcc/arm-none-eabi/8.3.1/../../../arm-none-eabi/lib/thumb/v6-m/nofp/libstdc++.a(new_op.o) (std::bad_alloc::~bad_alloc())
/usr/lib/gcc/arm-none-eabi/8.3.1/../../../arm-none-eabi/lib/thumb/v6-m/nofp/libstdc++.a(functexcept.o)
                              CMakeFiles/magloop_pico.dir/magloop_pico.cpp.obj (std::__throw_logic_error(char const*))
/usr/lib/gcc/arm-none-eabi/8.3.1/../../../arm-none-eabi/lib/thumb/v6-m/nofp/libstdc++.a(cow-stdexcept.o)
                              /usr/lib/gcc/arm-none-eabi/8.3.1/../../../arm-none-eabi/lib/thumb/v6-m/nofp/libstdc++.a(functexcept.o) (std::logic_error::logic_error(char const*))
[...]
Memory Configuration

Name             Origin             Length             Attributes
FLASH            0x10000000         0x00200000         xr
RAM              0x20000000         0x00040000         xrw
SCRATCH_X        0x20040000         0x00001000         xrw
SCRATCH_Y        0x20041000         0x00001000         xrw
*default*        0x00000000         0xffffffff

Linker script and memory map

LOAD /usr/lib/gcc/arm-none-eabi/8.3.1/thumb/v6-m/nofp/crti.o
LOAD /usr/lib/gcc/arm-none-eabi/8.3.1/thumb/v6-m/nofp/crtbegin.o
LOAD /usr/lib/gcc/arm-none-eabi/8.3.1/../../../arm-none-eabi/lib/thumb/v6-m/nofp/crt0.o

.flash_begin    0x10000000        0x0
                0x10000000                __flash_binary_start = .

.boot2          0x10000000      0x100
                0x10000000                __boot2_start__ = .
 *(.boot2)
 .boot2         0x10000000      0x100 /tmp/ccakuANF.o
                0x10000100                __boot2_end__ = .
                0x00000001                ASSERT (((__boot2_end__ - __boot2_start__) == 0x100), ERROR: Pico second stage bootloader must be 256 bytes in size)

.text           0x10000100     0xc030
                0x10000100                __logical_binary_start = .
 *(.vectors)
 .vectors       0x10000100       0xd4 CMakeFiles/magloop_pico.dir/home/pi/pico/pico/pico-sdk/src/rp2_common/pico_standard_link/crt0.S.obj
                0x10000100                __vectors
                0x10000100                __VECTOR_TABLE
                0x100001c0                isr_invalid
                0x100001c0                __default_isrs_start
                0x100001c2                isr_nmi
                0x100001c4                isr_hardfault
                0x100001c6                isr_svcall
                0x100001c8                isr_pendsv
                0x100001ca                isr_systick
                0x100001cc                isr_irq30
                0x100001cc                __unhandled_user_irq
                0x100001cc                isr_irq13
                0x100001cc                isr_irq27
                0x100001cc                isr_irq31
                0x100001cc                isr_irq5
                0x100001cc                isr_irq11
                0x100001cc                isr_irq23
                0x100001cc                isr_irq18
                0x100001cc                isr_irq28
                0x100001cc                isr_irq19
                0x100001cc                isr_irq0
                0x100001cc                isr_irq6
                0x100001cc                isr_irq22
                0x100001cc                isr_irq17
                0x100001cc                isr_irq14
                0x100001cc                isr_irq2
                0x100001cc                isr_irq10
                0x100001cc                isr_irq8
                0x100001cc                isr_irq24
                0x100001cc                isr_irq1
                0x100001cc                isr_irq7
                0x100001cc                isr_irq21
                0x100001cc                isr_irq20
                0x100001cc                isr_irq15
                0x100001cc                isr_irq25
                0x100001cc                isr_irq4
                0x100001cc                isr_irq16
                0x100001cc                isr_irq29
                0x100001cc                isr_irq26
                0x100001cc                __default_isrs_end
                0x100001cc                isr_irq3
                0x100001cc                isr_irq12
                0x100001cc                isr_irq9
                0x100001d2                unhandled_user_irq_num_in_r0
 *(.binary_info_header)
 .binary_info_header
                0x100001d4       0x14 CMakeFiles/magloop_pico.dir/home/pi/pico/pico/pico-sdk/src/rp2_common/pico_standard_link/crt0.S.obj
                0x100001e8                __binary_info_header_end = .
 *(.reset)
 .reset         0x100001e8       0xa8 CMakeFiles/magloop_pico.dir/home/pi/pico/pico/pico-sdk/src/rp2_common/pico_standard_link/crt0.S.obj
                0x100001e8                _entry_point
                0x10000266                __get_current_exception
 .reset         0x10000290       0x30 CMakeFiles/magloop_pico.dir/home/pi/pico/pico/pico-sdk/src/rp2_common/pico_standard_link/binary_info.c.obj
 *(.init)
 .init          0x100002c0        0x4 /usr/lib/gcc/arm-none-eabi/8.3.1/thumb/v6-m/nofp/crti.o
                0x100002c0                _init
 *(EXCLUDE_FILE(*libm.a: *libc.a:*lib_a-mem*.o *libgcc.a:) .text*)
 .text          0x100002c4       0x98 /usr/lib/gcc/arm-none-eabi/8.3.1/thumb/v6-m/nofp/crtbegin.o
 .text._Z15encoderCallbackjm
                0x1000035c       0xd0 CMakeFiles/magloop_pico.dir/magloop_pico.cpp.obj
                0x1000035c                encoderCallback(unsigned int, unsigned long)
 .text._ZNSt7__cxx1112basic_stringIcSt11char_traitsIcESaIcEE9_M_createERjj
                0x1000042c       0x38 CMakeFiles/magloop_pico.dir/magloop_pico.cpp.obj
                0x1000042c                std::__cxx11::basic_string<char, std::char_traits<char>, std::allocator<char> >::_M_create(unsigned int&, unsigned int)
 .text._ZNSt7__cxx1112basic_stringIcSt11char_traitsIcESaIcEE12_M_constructIPcEEvT_S7_St20forward_iterator_tag
                0x10000464       0x5c CMakeFiles/magloop_pico.dir/magloop_pico.cpp.obj
                0x10000464                void std::__cxx11::basic_string<char, std::char_traits<char>, std::allocator<char> >::_M_construct<char*>(char*, char*, std::forward_iterator_tag)
 .text._ZNSt7__cxx1112basic_stringIcSt11char_traitsIcESaIcEE12_M_constructIPKcEEvT_S8_St20forward_iterator_tag
                0x100004c0       0x5c CMakeFiles/magloop_pico.dir/magloop_pico.cpp.obj
                0x100004c0                void std::__cxx11::basic_string<char, std::char_traits<char>, std::allocator<char> >::_M_construct<char const*>(char const*, char const*, std::forward_iterator_tag)
 .text._ZNSt7__cxx1112basic_stringIcSt11char_traitsIcESaIcEEC2IS3_EEPKcRKS3_
                0x1000051c       0x2a CMakeFiles/magloop_pico.dir/magloop_pico.cpp.obj
                0x1000051c                std::__cxx11::basic_string<char, std::char_traits<char>, std::allocator<char> >::basic_string<std::allocator<char> >(char const*, std::allocator<char> const&)
                0x1000051c                std::__cxx11::basic_string<char, std::char_traits<char>, std::allocator<char> >::basic_string<std::allocator<char> >(char const*, std::allocator<char> const&)
 *fill*         0x10000546        0x2 
 .text.main     0x10000548      0x4bc CMakeFiles/magloop_pico.dir/magloop_pico.cpp.obj
                0x10000548                main
 .text._Z41__static_initialization_and_destruction_0ii
                0x10000a04       0x84 CMakeFiles/magloop_pico.dir/magloop_pico.cpp.obj
 .text._GLOBAL__sub_I_currentBand
                0x10000a88       0x10 CMakeFiles/magloop_pico.dir/magloop_pico.cpp.obj
 .text.gpio_set_function
                0x10000a98       0x30 CMakeFiles/magloop_pico.dir/home/pi/pico/pico/pico-sdk/src/rp2_common/hardware_gpio/gpio.c.obj
                0x10000a98                gpio_set_function
 .text.gpio_set_pulls
                0x10000ac8       0x34 CMakeFiles/magloop_pico.dir/home/pi/pico/pico/pico-sdk/src/rp2_common/hardware_gpio/gpio.c.obj
                0x10000ac8                gpio_set_pulls
 .text.gpio_acknowledge_irq
                0x10000afc       0x18 CMakeFiles/magloop_pico.dir/home/pi/pico/pico/pico-sdk/src/rp2_common/hardware_gpio/gpio.c.obj
                0x10000afc                gpio_acknowledge_irq
 .text._gpio_set_irq_enabled
                0x10000b14       0x34 CMakeFiles/magloop_pico.dir/home/pi/pico/pico/pico-sdk/src/rp2_common/hardware_gpio/gpio.c.obj
 .text.gpio_set_irq_enabled
                0x10000b48       0x20 CMakeFiles/magloop_pico.dir/home/pi/pico/pico/pico-sdk/src/rp2_common/hardware_gpio/gpio.c.obj
                0x10000b48                gpio_set_irq_enabled
 .text.gpio_set_irq_enabled_with_callback
                0x10000b68       0x30 CMakeFiles/magloop_pico.dir/home/pi/pico/pico/pico-sdk/src/rp2_common/hardware_gpio/gpio.c.obj
                0x10000b68                gpio_set_irq_enabled_with_callback
 .text.gpio_irq_handler
                0x10000b98       0x64 CMakeFiles/magloop_pico.dir/home/pi/pico/pico/pico-sdk/src/rp2_common/hardware_gpio/gpio.c.obj
 .text.gpio_set_input_enabled
                0x10000bfc       0x30 CMakeFiles/magloop_pico.dir/home/pi/pico/pico/pico-sdk/src/rp2_common/hardware_gpio/gpio.c.obj
                0x10000bfc                gpio_set_input_enabled
 .text.gpio_init
                0x10000c2c       0x16 CMakeFiles/magloop_pico.dir/home/pi/pico/pico/pico-sdk/src/rp2_common/hardware_gpio/gpio.c.obj
                0x10000c2c                gpio_init
 *fill*         0x10000c42        0x2 
 .text.hw_claim_lock
                0x10000c44       0x18 CMakeFiles/magloop_pico.dir/home/pi/pico/pico/pico-sdk/src/rp2_common/hardware_claim/claim.c.obj
                0x10000c44                hw_claim_lock
 .text.hw_claim_unlock
                0x10000c5c       0x14 CMakeFiles/magloop_pico.dir/home/pi/pico/pico/pico-sdk/src/rp2_common/hardware_claim/claim.c.obj
                0x10000c5c                hw_claim_unlock
 .text.hw_claim_or_assert
                0x10000c70       0x32 CMakeFiles/magloop_pico.dir/home/pi/pico/pico/pico-sdk/src/rp2_common/hardware_claim/claim.c.obj
                0x10000c70                hw_claim_or_assert
 *fill*         0x10000ca2        0x2 
 .text.running_on_fpga
                0x10000ca4       0x14 CMakeFiles/magloop_pico.dir/home/pi/pico/pico/pico-sdk/src/rp2_common/pico_platform/platform.c.obj
                0x10000ca4                running_on_fpga
 .text.spin_locks_reset
                0x10000cb8       0x20 CMakeFiles/magloop_pico.dir/home/pi/pico/pico/pico-sdk/src/rp2_common/hardware_sync/sync.c.obj
                0x10000cb8                spin_locks_reset
 .text.next_striped_spin_lock_num
                0x10000cd8       0x1c CMakeFiles/magloop_pico.dir/home/pi/pico/pico/pico-sdk/src/rp2_common/hardware_sync/sync.c.obj
                0x10000cd8                next_striped_spin_lock_num
 .text.uart_set_baudrate
                0x10000cf4       0x5c CMakeFiles/magloop_pico.dir/home/pi/pico/pico/pico-sdk/src/rp2_common/hardware_uart/uart.c.obj
                0x10000cf4                uart_set_baudrate
 .text.uart_set_translate_crlf
                0x10000d50       0x28 CMakeFiles/magloop_pico.dir/home/pi/pico/pico/pico-sdk/src/rp2_common/hardware_uart/uart.c.obj
                0x10000d50                uart_set_translate_crlf
 .text.uart_init
                0x10000d78       0x80 CMakeFiles/magloop_pico.dir/home/pi/pico/pico/pico-sdk/src/rp2_common/hardware_uart/uart.c.obj
                0x10000d78                uart_init
 .text.sleep_until_callback
                0x10000df8       0x30 CMakeFiles/magloop_pico.dir/home/pi/pico/pico/pico-sdk/src/common/pico_time/time.c.obj
 .text.alarm_pool_post_alloc_init
                0x10000e28       0x40 CMakeFiles/magloop_pico.dir/home/pi/pico/pico/pico-sdk/src/common/pico_time/time.c.obj
 .text.timer_pool_entry_comparator
                0x10000e68       0x7c CMakeFiles/magloop_pico.dir/home/pi/pico/pico/pico-sdk/src/common/pico_time/time.c.obj
                0x10000e68                timer_pool_entry_comparator
 .text.ph_add_child_node
                0x10000ee4       0xa4 CMakeFiles/magloop_pico.dir/home/pi/pico/pico/pico-sdk/src/common/pico_time/time.c.obj
 .text.ph_merge_nodes
                0x10000f88       0x3e CMakeFiles/magloop_pico.dir/home/pi/pico/pico/pico-sdk/src/common/pico_time/time.c.obj
 *fill*         0x10000fc6        0x2 
 .text.add_alarm_under_lock
                0x10000fc8      0x180 CMakeFiles/magloop_pico.dir/home/pi/pico/pico/pico-sdk/src/common/pico_time/time.c.obj
 .text.alarm_pool_alarm_callback
                0x10001148      0x328 CMakeFiles/magloop_pico.dir/home/pi/pico/pico/pico-sdk/src/common/pico_time/time.c.obj
 .text.alarm_pool_init_default
                0x10001470       0x38 CMakeFiles/magloop_pico.dir/home/pi/pico/pico/pico-sdk/src/common/pico_time/time.c.obj
                0x10001470                alarm_pool_init_default
 .text.alarm_pool_get_default
                0x100014a8       0x2c CMakeFiles/magloop_pico.dir/home/pi/pico/pico/pico-sdk/src/common/pico_time/time.c.obj
                0x100014a8                alarm_pool_get_default
 .text.alarm_pool_add_alarm_at
                0x100014d4      0x154 CMakeFiles/magloop_pico.dir/home/pi/pico/pico/pico-sdk/src/common/pico_time/time.c.obj
                0x100014d4                alarm_pool_add_alarm_at
 .text.sleep_until
                0x10001628       0xf8 CMakeFiles/magloop_pico.dir/home/pi/pico/pico/pico-sdk/src/common/pico_time/time.c.obj
                0x10001628                sleep_until
 .text.sleep_us
                0x10001720       0x54 CMakeFiles/magloop_pico.dir/home/pi/pico/pico/pico-sdk/src/common/pico_time/time.c.obj
                0x10001720                sleep_us
 .text.sleep_ms
                0x10001774       0x14 CMakeFiles/magloop_pico.dir/home/pi/pico/pico/pico-sdk/src/common/pico_time/time.c.obj
                0x10001774                sleep_ms
 .text.hardware_alarm_irq_handler
                0x10001788       0x8c CMakeFiles/magloop_pico.dir/home/pi/pico/pico/pico-sdk/src/rp2_common/hardware_timer/timer.c.obj
 .text.hardware_alarm_claim
                0x10001814       0x18 CMakeFiles/magloop_pico.dir/home/pi/pico/pico/pico-sdk/src/rp2_common/hardware_timer/timer.c.obj
                0x10001814                hardware_alarm_claim
 .text.time_us_64
                0x1000182c       0x18 CMakeFiles/magloop_pico.dir/home/pi/pico/pico/pico-sdk/src/rp2_common/hardware_timer/timer.c.obj
                0x1000182c                time_us_64
 .text.busy_wait_until
                0x10001844       0x24 CMakeFiles/magloop_pico.dir/home/pi/pico/pico/pico-sdk/src/rp2_common/hardware_timer/timer.c.obj
                0x10001844                busy_wait_until
 .text.busy_wait_us
                0x10001868       0x48 CMakeFiles/magloop_pico.dir/home/pi/pico/pico/pico-sdk/src/rp2_common/hardware_timer/timer.c.obj
                0x10001868                busy_wait_us
 .text.busy_wait_us_32
                0x100018b0       0x24 CMakeFiles/magloop_pico.dir/home/pi/pico/pico/pico-sdk/src/rp2_common/hardware_timer/timer.c.obj
                0x100018b0                busy_wait_us_32
 .text.busy_wait_ms
                0x100018d4       0x30 CMakeFiles/magloop_pico.dir/home/pi/pico/pico/pico-sdk/src/rp2_common/hardware_timer/timer.c.obj
                0x100018d4                busy_wait_ms
 .text.hardware_alarm_set_callback
                0x10001904       0x90 CMakeFiles/magloop_pico.dir/home/pi/pico/pico/pico-sdk/src/rp2_common/hardware_timer/timer.c.obj
                0x10001904                hardware_alarm_set_callback
 .text.hardware_alarm_set_target
                0x10001994       0xe8 CMakeFiles/magloop_pico.dir/home/pi/pico/pico/pico-sdk/src/rp2_common/hardware_timer/timer.c.obj
                0x10001994                hardware_alarm_set_target
 .text.hardware_alarm_cancel
                0x10001a7c       0x40 CMakeFiles/magloop_pico.dir/home/pi/pico/pico/pico-sdk/src/rp2_common/hardware_timer/timer.c.obj
                0x10001a7c                hardware_alarm_cancel
 .text.lock_init
                0x10001abc       0x10 CMakeFiles/magloop_pico.dir/home/pi/pico/pico/pico-sdk/src/common/pico_sync/lock_core.c.obj
                0x10001abc                lock_init
 .text.mutex_init
                0x10001acc       0x1a CMakeFiles/magloop_pico.dir/home/pi/pico/pico/pico-sdk/src/common/pico_sync/mutex.c.obj
                0x10001acc                mutex_init
 .text.recursive_mutex_init
                0x10001ae6       0x1e CMakeFiles/magloop_pico.dir/home/pi/pico/pico/pico-sdk/src/common/pico_sync/mutex.c.obj
                0x10001ae6                recursive_mutex_init
 .text.ph_add_child_node
                0x10001b04       0xa4 CMakeFiles/magloop_pico.dir/home/pi/pico/pico/pico-sdk/src/common/pico_util/pheap.c.obj
 .text.ph_merge_nodes
                0x10001ba8       0x3e CMakeFiles/magloop_pico.dir/home/pi/pico/pico/pico-sdk/src/common/pico_util/pheap.c.obj
 *fill*         0x10001be6        0x2 
 .text.ph_clear
                0x10001be8       0x70 CMakeFiles/magloop_pico.dir/home/pi/pico/pico/pico-sdk/src/common/pico_util/pheap.c.obj
                0x10001be8                ph_clear
 .text.ph_post_alloc_init
                0x10001c58        0xe CMakeFiles/magloop_pico.dir/home/pi/pico/pico/pico-sdk/src/common/pico_util/pheap.c.obj
                0x10001c58                ph_post_alloc_init
 *fill*         0x10001c66        0x2 
 .text.ph_merge_two_pass
                0x10001c68       0xac CMakeFiles/magloop_pico.dir/home/pi/pico/pico/pico-sdk/src/common/pico_util/pheap.c.obj
                0x10001c68                ph_merge_two_pass
 .text.ph_remove_any_head
                0x10001d14      0x108 CMakeFiles/magloop_pico.dir/home/pi/pico/pico/pico-sdk/src/common/pico_util/pheap.c.obj
 .text.ph_remove_head
                0x10001e1c       0x14 CMakeFiles/magloop_pico.dir/home/pi/pico/pico/pico-sdk/src/common/pico_util/pheap.c.obj
                0x10001e1c                ph_remove_head
 .text.ph_remove_and_free_node
                0x10001e30       0xf8 CMakeFiles/magloop_pico.dir/home/pi/pico/pico/pico-sdk/src/common/pico_util/pheap.c.obj
                0x10001e30                ph_remove_and_free_node
 .text._exit    0x10001f28        0x4 CMakeFiles/magloop_pico.dir/home/pi/pico/pico/pico-sdk/src/rp2_common/pico_runtime/runtime.c.obj
                0x10001f28                _exit
 .text._sbrk    0x10001f2c       0x38 CMakeFiles/magloop_pico.dir/home/pi/pico/pico/pico-sdk/src/rp2_common/pico_runtime/runtime.c.obj
                0x10001f2c                _sbrk
 .text.exit     0x10001f64        0x6 CMakeFiles/magloop_pico.dir/home/pi/pico/pico/pico-sdk/src/rp2_common/pico_runtime/runtime.c.obj
                0x10001f64                exit
 *fill*         0x10001f6a        0x2 
 .text.__assert_func
                0x10001f6c       0x3c CMakeFiles/magloop_pico.dir/home/pi/pico/pico/pico-sdk/src/rp2_common/pico_runtime/runtime.c.obj
                0x10001f6c                __assert_func
 .text.runtime_init
                0x10001fa8       0xf8 CMakeFiles/magloop_pico.dir/home/pi/pico/pico/pico-sdk/src/rp2_common/pico_runtime/runtime.c.obj
                0x10001fa8                runtime_init
 .text.panic    0x100020a0       0x30 CMakeFiles/magloop_pico.dir/home/pi/pico/pico/pico-sdk/src/rp2_common/pico_runtime/runtime.c.obj
                0x100020a0                panic
 .text.clock_configure
                0x100020d0       0xfc CMakeFiles/magloop_pico.dir/home/pi/pico/pico/pico-sdk/src/rp2_common/hardware_clocks/clocks.c.obj
                0x100020d0                clock_configure
 .text.clocks_init
                0x100021cc      0x100 CMakeFiles/magloop_pico.dir/home/pi/pico/pico/pico-sdk/src/rp2_common/hardware_clocks/clocks.c.obj
                0x100021cc                clocks_init
 .text.clock_get_hz
                0x100022cc        0xc CMakeFiles/magloop_pico.dir/home/pi/pico/pico/pico-sdk/src/rp2_common/hardware_clocks/clocks.c.obj
                0x100022cc                clock_get_hz
 .text.set_raw_irq_handler_and_unlock
                0x100022d8       0x28 CMakeFiles/magloop_pico.dir/home/pi/pico/pico/pico-sdk/src/rp2_common/hardware_irq/irq.c.obj
 .text.make_branch
                0x10002300       0x34 CMakeFiles/magloop_pico.dir/home/pi/pico/pico/pico-sdk/src/rp2_common/hardware_irq/irq.c.obj
 .text.insert_branch_and_link
                0x10002334       0x40 CMakeFiles/magloop_pico.dir/home/pi/pico/pico/pico-sdk/src/rp2_common/hardware_irq/irq.c.obj
 .text.irq_is_enabled
                0x10002374       0x18 CMakeFiles/magloop_pico.dir/home/pi/pico/pico/pico-sdk/src/rp2_common/hardware_irq/irq.c.obj
                0x10002374                irq_is_enabled
 .text.irq_set_mask_enabled
                0x1000238c       0x20 CMakeFiles/magloop_pico.dir/home/pi/pico/pico/pico-sdk/src/rp2_common/hardware_irq/irq.c.obj
                0x1000238c                irq_set_mask_enabled
 .text.irq_set_enabled
                0x100023ac        0xe CMakeFiles/magloop_pico.dir/home/pi/pico/pico/pico-sdk/src/rp2_common/hardware_irq/irq.c.obj
                0x100023ac                irq_set_enabled
 *fill*         0x100023ba        0x2 
 .text.irq_get_vtable_handler
                0x100023bc       0x10 CMakeFiles/magloop_pico.dir/home/pi/pico/pico/pico-sdk/src/rp2_common/hardware_irq/irq.c.obj
                0x100023bc                irq_get_vtable_handler
 .text.irq_set_exclusive_handler
                0x100023cc       0x54 CMakeFiles/magloop_pico.dir/home/pi/pico/pico/pico-sdk/src/rp2_common/hardware_irq/irq.c.obj
                0x100023cc                irq_set_exclusive_handler
 .text.irq_remove_handler
                0x10002420      0x1a8 CMakeFiles/magloop_pico.dir/home/pi/pico/pico/pico-sdk/src/rp2_common/hardware_irq/irq.c.obj
                0x10002420                irq_remove_handler
 .text.irq_add_tail_to_free_list
                0x100025c8       0xf0 CMakeFiles/magloop_pico.dir/home/pi/pico/pico/pico-sdk/src/rp2_common/hardware_irq/irq.c.obj
                0x100025c8                irq_add_tail_to_free_list
 .text.irq_init_priorities
                0x100026b8       0x1c CMakeFiles/magloop_pico.dir/home/pi/pico/pico/pico-sdk/src/rp2_common/hardware_irq/irq.c.obj
                0x100026b8                irq_init_priorities
 .text.pll_init
                0x100026d4      0x114 CMakeFiles/magloop_pico.dir/home/pi/pico/pico/pico-sdk/src/rp2_common/hardware_pll/pll.c.obj
                0x100026d4                pll_init
 .text.watchdog_start_tick
                0x100027e8       0x10 CMakeFiles/magloop_pico.dir/home/pi/pico/pico/pico-sdk/src/rp2_common/hardware_watchdog/watchdog.c.obj
                0x100027e8                watchdog_start_tick
 .text.xosc_init
                0x100027f8       0x28 CMakeFiles/magloop_pico.dir/home/pi/pico/pico/pico-sdk/src/rp2_common/hardware_xosc/xosc.c.obj
                0x100027f8                xosc_init
 .text._out_buffer
                0x10002820        0x8 CMakeFiles/magloop_pico.dir/home/pi/pico/pico/pico-sdk/src/rp2_common/pico_printf/printf.c.obj
 .text._out_null
                0x10002828        0x2 CMakeFiles/magloop_pico.dir/home/pi/pico/pico/pico-sdk/src/rp2_common/pico_printf/printf.c.obj
 .text._out_fct
                0x1000282a        0xe CMakeFiles/magloop_pico.dir/home/pi/pico/pico/pico-sdk/src/rp2_common/pico_printf/printf.c.obj
 .text._atoi    0x10002838       0x28 CMakeFiles/magloop_pico.dir/home/pi/pico/pico/pico-sdk/src/rp2_common/pico_printf/printf.c.obj
 .text._out_rev
                0x10002860       0x8c CMakeFiles/magloop_pico.dir/home/pi/pico/pico/pico-sdk/src/rp2_common/pico_printf/printf.c.obj
 .text._ntoa_format
                0x100028ec      0x10c CMakeFiles/magloop_pico.dir/home/pi/pico/pico/pico-sdk/src/rp2_common/pico_printf/printf.c.obj
 .text._ntoa_long
                0x100029f8       0xb0 CMakeFiles/magloop_pico.dir/home/pi/pico/pico/pico-sdk/src/rp2_common/pico_printf/printf.c.obj
 .text._ntoa_long_long
                0x10002aa8       0xe6 CMakeFiles/magloop_pico.dir/home/pi/pico/pico/pico-sdk/src/rp2_common/pico_printf/printf.c.obj
 *fill*         0x10002b8e        0x2 
 .text._etoa    0x10002b90      0x408 CMakeFiles/magloop_pico.dir/home/pi/pico/pico/pico-sdk/src/rp2_common/pico_printf/printf.c.obj
 .text._ftoa    0x10002f98      0x344 CMakeFiles/magloop_pico.dir/home/pi/pico/pico/pico-sdk/src/rp2_common/pico_printf/printf.c.obj
 .text._vsnprintf
                0x100032dc      0x61c CMakeFiles/magloop_pico.dir/home/pi/pico/pico/pico-sdk/src/rp2_common/pico_printf/printf.c.obj
 .text.__wrap_sprintf
                0x100038f8       0x28 CMakeFiles/magloop_pico.dir/home/pi/pico/pico/pico-sdk/src/rp2_common/pico_printf/printf.c.obj
                0x100038f8                __wrap_sprintf
 .text.vfctprintf
                0x10003920       0x20 CMakeFiles/magloop_pico.dir/home/pi/pico/pico/pico-sdk/src/rp2_common/pico_printf/printf.c.obj
                0x10003920                vfctprintf
 .text          0x10003940       0x10 CMakeFiles/magloop_pico.dir/home/pi/pico/pico/pico-sdk/src/rp2_common/pico_bit_ops/bit_ops_aeabi.S.obj
 .text.rom_func_lookup
                0x10003950       0x10 CMakeFiles/magloop_pico.dir/home/pi/pico/pico/pico-sdk/src/rp2_common/pico_bootrom/bootrom.c.obj
                0x10003950                rom_func_lookup
 .text.rom_data_lookup
                0x10003960       0x10 CMakeFiles/magloop_pico.dir/home/pi/pico/pico/pico-sdk/src/rp2_common/pico_bootrom/bootrom.c.obj
                0x10003960                rom_data_lookup
 .text.rom_funcs_lookup
                0x10003970       0x36 CMakeFiles/magloop_pico.dir/home/pi/pico/pico/pico-sdk/src/rp2_common/pico_bootrom/bootrom.c.obj
                0x10003970                rom_funcs_lookup
 *fill*         0x100039a6        0x2 
 .text.__wrap___aeabi_idiv
                0x100039a8       0x50 CMakeFiles/magloop_pico.dir/home/pi/pico/pico/pico-sdk/src/rp2_common/pico_divider/divider.S.obj
                0x100039a8                __wrap___aeabi_idivmod
                0x100039a8                divmod_s32s32
                0x100039a8                div_s32s32
                0x100039a8                __wrap___aeabi_idiv
                0x100039b0                divmod_s32s32_unsafe
                0x100039dc                divmod_s32s32_savestate
 .text.__wrap___aeabi_uidiv
                0x100039f8       0x4c CMakeFiles/magloop_pico.dir/home/pi/pico/pico/pico-sdk/src/rp2_common/pico_divider/divider.S.obj
                0x100039f8                __wrap___aeabi_uidiv
                0x100039f8                __wrap___aeabi_uidivmod
                0x100039f8                div_u32u32
                0x100039f8                divmod_u32u32
                0x10003a00                divmod_u32u32_unsafe
                0x10003a28                divmod_u32u32_savestate
 .text.__wrap___aeabi_ldiv
                0x10003a44      0x434 CMakeFiles/magloop_pico.dir/home/pi/pico/pico/pico-sdk/src/rp2_common/pico_divider/divider.S.obj
                0x10003a44                div_s64s64
                0x10003a44                divmod_s64s64
                0x10003a44                __wrap___aeabi_ldivmod
                0x10003a7c                div_u64u64
                0x10003a7c                divmod_u64u64
                0x10003a7c                __wrap___aeabi_uldivmod
                0x10003a8c                divmod_u64u64_savestate
                0x10003ab4                divmod_s64s64_unsafe
                0x10003b3c                divmod_u64u64_unsafe
 .text.__wrap___aeabi_darithmetic
                0x10003e78       0x80 CMakeFiles/magloop_pico.dir/home/pi/pico/pico/pico-sdk/src/rp2_common/pico_double/double_aeabi.S.obj
                0x10003e78                __wrap___aeabi_drsub
                0x10003e7e                __wrap___aeabi_dsub
                0x10003e90                __wrap___aeabi_dadd
                0x10003ea2                __wrap___aeabi_ddiv
                0x10003ede                __wrap___aeabi_dmul
 .text.__wrap___aeabi_cdcmple
                0x10003ef8       0x6c CMakeFiles/magloop_pico.dir/home/pi/pico/pico/pico-sdk/src/rp2_common/pico_double/double_aeabi.S.obj
                0x10003ef8                __wrap___aeabi_cdrcmple
                0x10003f08                __wrap___aeabi_cdcmple
                0x10003f08                __wrap___aeabi_cdcmpeq
 .text.__wrap___aeabi_dcmplt
                0x10003f64        0xc CMakeFiles/magloop_pico.dir/home/pi/pico/pico/pico-sdk/src/rp2_common/pico_double/double_aeabi.S.obj
                0x10003f64                __wrap___aeabi_dcmplt
 .text.__wrap___aeabi_dcmple
                0x10003f70       0x10 CMakeFiles/magloop_pico.dir/home/pi/pico/pico/pico-sdk/src/rp2_common/pico_double/double_aeabi.S.obj
                0x10003f70                __wrap___aeabi_dcmple
 .text.__wrap___aeabi_dcmpge
                0x10003f80       0x10 CMakeFiles/magloop_pico.dir/home/pi/pico/pico/pico-sdk/src/rp2_common/pico_double/double_aeabi.S.obj
                0x10003f80                __wrap___aeabi_dcmpge
 .text.__wrap___aeabi_dcmpgt
                0x10003f90        0xa CMakeFiles/magloop_pico.dir/home/pi/pico/pico/pico-sdk/src/rp2_common/pico_double/double_aeabi.S.obj
                0x10003f90                __wrap___aeabi_dcmpgt
 .text.__wrap___aeabi_dcmpun
                0x10003f9a       0x1c CMakeFiles/magloop_pico.dir/home/pi/pico/pico/pico-sdk/src/rp2_common/pico_double/double_aeabi.S.obj
                0x10003f9a                __wrap___aeabi_dcmpun
 *fill*         0x10003fb6        0x2 
 .text.__wrap___aeabi_i2d
                0x10003fb8       0x38 CMakeFiles/magloop_pico.dir/home/pi/pico/pico/pico-sdk/src/rp2_common/pico_double/double_aeabi.S.obj
                0x10003fb8                __wrap___aeabi_ui2d
                0x10003fc0                __wrap___aeabi_i2d
 .text.__wrap___aeabi_d2iz
                0x10003ff0       0x48 CMakeFiles/magloop_pico.dir/home/pi/pico/pico/pico-sdk/src/rp2_common/pico_double/double_aeabi.S.obj
                0x10003ff0                __wrap___aeabi_d2iz
                0x10003ff0                double2int_z
 .text.__wrap___aeabi_d2uiz
                0x10004038       0x18 CMakeFiles/magloop_pico.dir/home/pi/pico/pico/pico-sdk/src/rp2_common/pico_double/double_aeabi.S.obj
                0x10004038                double2uint
                0x10004038                __wrap___aeabi_d2uiz
 .text.__wrap___aeabi_d2f
                0x10004050       0x18 CMakeFiles/magloop_pico.dir/home/pi/pico/pico/pico-sdk/src/rp2_common/pico_double/double_aeabi.S.obj
                0x10004050                __wrap___aeabi_d2f
 .text.__wrap_srqt
                0x10004068       0x18 CMakeFiles/magloop_pico.dir/home/pi/pico/pico/pico-sdk/src/rp2_common/pico_double/double_aeabi.S.obj
                0x10004068                __wrap_sqrt
 .text.__aeabi_double_init
                0x10004080       0xc8 CMakeFiles/magloop_pico.dir/home/pi/pico/pico/pico-sdk/src/rp2_common/pico_double/double_init_rom.c.obj
                0x10004080                __aeabi_double_init
 .text.double_table_shim_on_use_helper
                0x10004148       0x34 CMakeFiles/magloop_pico.dir/home/pi/pico/pico/pico-sdk/src/rp2_common/pico_double/double_v1_rom_shim.S.obj
                0x10004148                double_table_shim_on_use_helper
 .text.__wrap___aeabi_dsub
                0x1000417c       0x10 CMakeFiles/magloop_pico.dir/home/pi/pico/pico/pico-sdk/src/rp2_common/pico_double/double_v1_rom_shim.S.obj
                0x1000417c                drsub_shim
                0x10004182                dsub_shim
 .text.dadd_shim
                0x1000418c      0x15c CMakeFiles/magloop_pico.dir/home/pi/pico/pico/pico-sdk/src/rp2_common/pico_double/double_v1_rom_shim.S.obj
                0x1000418c                dadd_shim
 .text.dmul_shim
                0x100042e8      0x15c CMakeFiles/magloop_pico.dir/home/pi/pico/pico/pico-sdk/src/rp2_common/pico_double/double_v1_rom_shim.S.obj
                0x100042e8                dmul_shim
 .text.ddiv_shim
                0x10004444      0x1b0 CMakeFiles/magloop_pico.dir/home/pi/pico/pico/pico-sdk/src/rp2_common/pico_double/double_v1_rom_shim.S.obj
                0x10004444                ddiv_shim
 .text.dsqrt_shim
                0x100045f4      0x1a8 CMakeFiles/magloop_pico.dir/home/pi/pico/pico/pico-sdk/src/rp2_common/pico_double/double_v1_rom_shim.S.obj
                0x10004610                dsqrt_shim
 .text.double2uint_shim
                0x1000479c        0xe CMakeFiles/magloop_pico.dir/home/pi/pico/pico/pico-sdk/src/rp2_common/pico_double/double_v1_rom_shim.S.obj
                0x1000479c                double2uint_shim
                0x1000479e                double2ufix_shim
 *fill*         0x100047aa        0x2 
 .text.double2uint64_shim
                0x100047ac       0x70 CMakeFiles/magloop_pico.dir/home/pi/pico/pico/pico-sdk/src/rp2_common/pico_double/double_v1_rom_shim.S.obj
                0x100047ac                double2uint64_shim
                0x100047ae                double2ufix64_shim
                0x100047ce                d2fix_a
 .text.double2float_shim
                0x1000481c       0x5c CMakeFiles/magloop_pico.dir/home/pi/pico/pico/pico-sdk/src/rp2_common/pico_double/double_v1_rom_shim.S.obj
                0x1000481c                double2float_shim
 .text.dunpacks
                0x10004878       0x3c CMakeFiles/magloop_pico.dir/home/pi/pico/pico/pico-sdk/src/rp2_common/pico_double/double_v1_rom_shim.S.obj
                0x10004878                dunpacks
 .text.__aeabi_lmul
                0x100048b4       0x32 CMakeFiles/magloop_pico.dir/home/pi/pico/pico/pico-sdk/src/rp2_common/pico_int64_ops/pico_int64_ops_aeabi.S.obj
                0x100048b4                __wrap___aeabi_lmul
 *fill*         0x100048e6        0x2 
 .text.__wrap___aeabi_farithmetic
                0x100048e8       0x58 CMakeFiles/magloop_pico.dir/home/pi/pico/pico/pico-sdk/src/rp2_common/pico_float/float_aeabi.S.obj
                0x100048e8                __wrap___aeabi_frsub
                0x100048ee                __wrap___aeabi_fsub
                0x100048f8                __wrap___aeabi_fadd
                0x10004902                __wrap___aeabi_fdiv
                0x1000492e                __wrap___aeabi_fmul
 .text.__wrap___aeabi_cfcmple
                0x10004940       0x50 CMakeFiles/magloop_pico.dir/home/pi/pico/pico/pico-sdk/src/rp2_common/pico_float/float_aeabi.S.obj
                0x10004940                __wrap___aeabi_cfrcmple
                0x1000494c                __wrap___aeabi_cfcmpeq
                0x1000494c                __wrap___aeabi_cfcmple
 .text.__wrap___aeabi_fcmpeq
                0x10004990       0x10 CMakeFiles/magloop_pico.dir/home/pi/pico/pico/pico-sdk/src/rp2_common/pico_float/float_aeabi.S.obj
                0x10004990                __wrap___aeabi_fcmpeq
 .text.__wrap___aeabi_fcmplt
                0x100049a0        0xc CMakeFiles/magloop_pico.dir/home/pi/pico/pico/pico-sdk/src/rp2_common/pico_float/float_aeabi.S.obj
                0x100049a0                __wrap___aeabi_fcmplt
 .text.__wrap___aeabi_fcmple
                0x100049ac       0x10 CMakeFiles/magloop_pico.dir/home/pi/pico/pico/pico-sdk/src/rp2_common/pico_float/float_aeabi.S.obj
                0x100049ac                __wrap___aeabi_fcmple
 .text.__wrap___aeabi_fcmpgt
                0x100049bc        0xa CMakeFiles/magloop_pico.dir/home/pi/pico/pico/pico-sdk/src/rp2_common/pico_float/float_aeabi.S.obj
                0x100049bc                __wrap___aeabi_fcmpgt
 .text.__wrap___aeabi_ui2f
                0x100049c6        0xa CMakeFiles/magloop_pico.dir/home/pi/pico/pico/pico-sdk/src/rp2_common/pico_float/float_aeabi.S.obj
                0x100049c6                __wrap___aeabi_ui2f
 .text.__wrap___aeabi_i2f
                0x100049d0       0x44 CMakeFiles/magloop_pico.dir/home/pi/pico/pico/pico-sdk/src/rp2_common/pico_float/float_aeabi.S.obj
                0x100049d0                __wrap___aeabi_i2f
 .text.__wrap___aeabi_f2iz
                0x10004a14       0x4e CMakeFiles/magloop_pico.dir/home/pi/pico/pico/pico-sdk/src/rp2_common/pico_float/float_aeabi.S.obj
                0x10004a14                __wrap___aeabi_f2iz
                0x10004a14                float2int_z
 *fill*         0x10004a62        0x2 
 .text.float2int
                0x10004a64       0x14 CMakeFiles/magloop_pico.dir/home/pi/pico/pico/pico-sdk/src/rp2_common/pico_float/float_aeabi.S.obj
                0x10004a64                float2int
 .text.__wrap___aeabi_f2uiz
                0x10004a78       0x10 CMakeFiles/magloop_pico.dir/home/pi/pico/pico/pico-sdk/src/rp2_common/pico_float/float_aeabi.S.obj
                0x10004a78                __wrap___aeabi_f2uiz
 .text.__wrap___aeabi_f2d
                0x10004a88       0x14 CMakeFiles/magloop_pico.dir/home/pi/pico/pico/pico-sdk/src/rp2_common/pico_float/float_aeabi.S.obj
                0x10004a88                __wrap___aeabi_f2d
 .text.__aeabi_float_init
                0x10004a9c       0xfc CMakeFiles/magloop_pico.dir/home/pi/pico/pico/pico-sdk/src/rp2_common/pico_float/float_init_rom.c.obj
                0x10004a9c                __aeabi_float_init
 .text.float_table_shim_on_use_helper
                0x10004b98       0x34 CMakeFiles/magloop_pico.dir/home/pi/pico/pico/pico-sdk/src/rp2_common/pico_float/float_v1_rom_shim.S.obj
                0x10004b98                float_table_shim_on_use_helper
 .text.float232_shims
                0x10004bcc       0x18 CMakeFiles/magloop_pico.dir/home/pi/pico/pico/pico-sdk/src/rp2_common/pico_float/float_v1_rom_shim.S.obj
                0x10004bcc                float2int_shim
                0x10004bce                float2fix_shim
 .text.float2double_shim
                0x10004be4       0x30 CMakeFiles/magloop_pico.dir/home/pi/pico/pico/pico-sdk/src/rp2_common/pico_float/float_v1_rom_shim.S.obj
                0x10004be4                float2double_shim
 .text.__wrap_malloc
                0x10004c14       0x24 CMakeFiles/magloop_pico.dir/home/pi/pico/pico/pico-sdk/src/rp2_common/pico_malloc/pico_malloc.c.obj
                0x10004c14                __wrap_malloc
 .text.__wrap_free
                0x10004c38        0x8 CMakeFiles/magloop_pico.dir/home/pi/pico/pico/pico-sdk/src/rp2_common/pico_malloc/pico_malloc.c.obj
                0x10004c38                __wrap_free
 .text          0x10004c40       0x10 CMakeFiles/magloop_pico.dir/home/pi/pico/pico/pico-sdk/src/rp2_common/pico_mem_ops/mem_ops_aeabi.S.obj
                0x10004c40                __aeabi_mem_init
 .text.memset   0x10004c50        0xc CMakeFiles/magloop_pico.dir/home/pi/pico/pico/pico-sdk/src/rp2_common/pico_mem_ops/mem_ops_aeabi.S.obj
                0x10004c50                __wrap_memset
 .text.memcpy   0x10004c5c        0xc CMakeFiles/magloop_pico.dir/home/pi/pico/pico/pico-sdk/src/rp2_common/pico_mem_ops/mem_ops_aeabi.S.obj
                0x10004c5c                __wrap___aeabi_memcpy
                0x10004c5c                __wrap_memcpy
 .text.stdio_out_chars_no_crlf
                0x10004c68        0xe CMakeFiles/magloop_pico.dir/home/pi/pico/pico/pico-sdk/src/rp2_common/pico_stdio/stdio.c.obj
 *fill*         0x10004c76        0x2 
 .text.stdio_out_chars_crlf
                0x10004c78       0x80 CMakeFiles/magloop_pico.dir/home/pi/pico/pico/pico-sdk/src/rp2_common/pico_stdio/stdio.c.obj
 .text.stdio_stack_buffer_flush
                0x10004cf8       0x44 CMakeFiles/magloop_pico.dir/home/pi/pico/pico/pico-sdk/src/rp2_common/pico_stdio/stdio.c.obj
 .text.stdio_buffered_printer
                0x10004d3c       0x20 CMakeFiles/magloop_pico.dir/home/pi/pico/pico/pico-sdk/src/rp2_common/pico_stdio/stdio.c.obj
 .text.stdout_serialize_begin
                0x10004d5c       0x30 CMakeFiles/magloop_pico.dir/home/pi/pico/pico/pico-sdk/src/rp2_common/pico_stdio/stdio.c.obj
                0x10004d5c                stdout_serialize_begin
 .text.stdout_serialize_end
                0x10004d8c       0x10 CMakeFiles/magloop_pico.dir/home/pi/pico/pico/pico-sdk/src/rp2_common/pico_stdio/stdio.c.obj
                0x10004d8c                stdout_serialize_end
 .text.stdio_put_string
                0x10004d9c       0x94 CMakeFiles/magloop_pico.dir/home/pi/pico/pico/pico-sdk/src/rp2_common/pico_stdio/stdio.c.obj
 .text.stdio_set_driver_enabled
                0x10004e30       0x38 CMakeFiles/magloop_pico.dir/home/pi/pico/pico/pico-sdk/src/rp2_common/pico_stdio/stdio.c.obj
                0x10004e30                stdio_set_driver_enabled
 .text.stdio_flush
                0x10004e68       0x20 CMakeFiles/magloop_pico.dir/home/pi/pico/pico/pico-sdk/src/rp2_common/pico_stdio/stdio.c.obj
                0x10004e68                stdio_flush
 .text.__wrap_puts
                0x10004e88       0x1e CMakeFiles/magloop_pico.dir/home/pi/pico/pico/pico-sdk/src/rp2_common/pico_stdio/stdio.c.obj
                0x10004e88                __wrap_puts
 *fill*         0x10004ea6        0x2 
 .text.__wrap_vprintf
                0x10004ea8       0x44 CMakeFiles/magloop_pico.dir/home/pi/pico/pico/pico-sdk/src/rp2_common/pico_stdio/stdio.c.obj
                0x10004ea8                __wrap_vprintf
 .text.__wrap_printf
                0x10004eec       0x18 CMakeFiles/magloop_pico.dir/home/pi/pico/pico/pico-sdk/src/rp2_common/pico_stdio/stdio.c.obj
                0x10004eec                __wrap_printf
 .text.stdio_init_all
                0x10004f04        0x8 CMakeFiles/magloop_pico.dir/home/pi/pico/pico/pico-sdk/src/rp2_common/pico_stdio/stdio.c.obj
                0x10004f04                stdio_init_all
 .text.stdio_uart_out_chars
                0x10004f0c       0x74 CMakeFiles/magloop_pico.dir/home/pi/pico/pico/pico-sdk/src/rp2_common/pico_stdio_uart/stdio_uart.c.obj
 .text.stdio_uart_in_chars
                0x10004f80       0x54 CMakeFiles/magloop_pico.dir/home/pi/pico/pico/pico-sdk/src/rp2_common/pico_stdio_uart/stdio_uart.c.obj
                0x10004f80                stdio_uart_in_chars
 .text.stdio_uart_init_full
                0x10004fd4       0x3c CMakeFiles/magloop_pico.dir/home/pi/pico/pico/pico-sdk/src/rp2_common/pico_stdio_uart/stdio_uart.c.obj
                0x10004fd4                stdio_uart_init_full
 .text.stdio_uart_init
                0x10005010       0x28 CMakeFiles/magloop_pico.dir/home/pi/pico/pico/pico-sdk/src/rp2_common/pico_stdio_uart/stdio_uart.c.obj
                0x10005010                stdio_uart_init
 .text.spi_set_baudrate
                0x10005038       0x92 CMakeFiles/magloop_pico.dir/home/pi/pico/pico/pico-sdk/src/rp2_common/hardware_spi/spi.c.obj
                0x10005038                spi_set_baudrate
 *fill*         0x100050ca        0x2 
 .text.spi_init
                0x100050cc       0x68 CMakeFiles/magloop_pico.dir/home/pi/pico/pico/pico-sdk/src/rp2_common/hardware_spi/spi.c.obj
                0x100050cc                spi_init
 .text.adc_init
                0x10005134       0x34 CMakeFiles/magloop_pico.dir/home/pi/pico/pico/pico-sdk/src/rp2_common/hardware_adc/adc.c.obj
                0x10005134                adc_init
 .text._ZN5Print17availableForWriteEv
                0x10005168        0x4 CMakeFiles/magloop_pico.dir/Adafruit_ILI9341/Adafruit_ILI9341.cpp.obj
                0x10005168                Print::availableForWrite()
 .text._ZN5Print5flushEv
                0x1000516c        0x2 CMakeFiles/magloop_pico.dir/Adafruit_ILI9341/Adafruit_ILI9341.cpp.obj
                0x1000516c                Print::flush()
 .text._ZN16Adafruit_ILI934113invertDisplayEb
                0x1000516e       0x16 CMakeFiles/magloop_pico.dir/Adafruit_ILI9341/Adafruit_ILI9341.cpp.obj
                0x1000516e                Adafruit_ILI9341::invertDisplay(bool)
 .text._ZN16Adafruit_ILI93415beginEm
                0x10005184       0x58 CMakeFiles/magloop_pico.dir/Adafruit_ILI9341/Adafruit_ILI9341.cpp.obj
                0x10005184                Adafruit_ILI9341::begin(unsigned long)
 .text._ZN16Adafruit_ILI934111setRotationEh
                0x100051dc       0x72 CMakeFiles/magloop_pico.dir/Adafruit_ILI9341/Adafruit_ILI9341.cpp.obj
                0x100051dc                Adafruit_ILI9341::setRotation(unsigned char)
 .text._ZN16Adafruit_ILI934113setAddrWindowEtttt
                0x1000524e       0x68 CMakeFiles/magloop_pico.dir/Adafruit_ILI9341/Adafruit_ILI9341.cpp.obj
                0x1000524e                Adafruit_ILI9341::setAddrWindow(unsigned short, unsigned short, unsigned short, unsigned short)
 *fill*         0x100052b6        0x2 
 .text._ZN16Adafruit_ILI9341C2Eaaa
                0x100052b8       0x28 CMakeFiles/magloop_pico.dir/Adafruit_ILI9341/Adafruit_ILI9341.cpp.obj
                0x100052b8                Adafruit_ILI9341::Adafruit_ILI9341(signed char, signed char, signed char)
                0x100052b8                Adafruit_ILI9341::Adafruit_ILI9341(signed char, signed char, signed char)
 .text._ZN12Adafruit_GFX9writeLineEsssst
                0x100052e0       0xda CMakeFiles/magloop_pico.dir/Adafruit-GFX-Library/Adafruit_GFX.cpp.obj
                0x100052e0                Adafruit_GFX::writeLine(short, short, short, short, unsigned short)
 .text._ZN12Adafruit_GFX10startWriteEv
                0x100053ba        0x2 CMakeFiles/magloop_pico.dir/Adafruit-GFX-Library/Adafruit_GFX.cpp.obj
                0x100053ba                Adafruit_GFX::startWrite()
 .text._ZN12Adafruit_GFX10writePixelEsst
                0x100053bc        0xa CMakeFiles/magloop_pico.dir/Adafruit-GFX-Library/Adafruit_GFX.cpp.obj
                0x100053bc                Adafruit_GFX::writePixel(short, short, unsigned short)
 .text._ZN12Adafruit_GFX14writeFastVLineEssst
                0x100053c6       0x14 CMakeFiles/magloop_pico.dir/Adafruit-GFX-Library/Adafruit_GFX.cpp.obj
                0x100053c6                Adafruit_GFX::writeFastVLine(short, short, short, unsigned short)
 .text._ZN12Adafruit_GFX14writeFastHLineEssst
                0x100053da       0x14 CMakeFiles/magloop_pico.dir/Adafruit-GFX-Library/Adafruit_GFX.cpp.obj
                0x100053da                Adafruit_GFX::writeFastHLine(short, short, short, unsigned short)
 .text._ZN12Adafruit_GFX13writeFillRectEsssst
                0x100053ee       0x1c CMakeFiles/magloop_pico.dir/Adafruit-GFX-Library/Adafruit_GFX.cpp.obj
                0x100053ee                Adafruit_GFX::writeFillRect(short, short, short, short, unsigned short)
 .text._ZN12Adafruit_GFX8endWriteEv
                0x1000540a        0x2 CMakeFiles/magloop_pico.dir/Adafruit-GFX-Library/Adafruit_GFX.cpp.obj
                0x1000540a                Adafruit_GFX::endWrite()
 .text._ZN12Adafruit_GFX13drawFastVLineEssst
                0x1000540c       0x48 CMakeFiles/magloop_pico.dir/Adafruit-GFX-Library/Adafruit_GFX.cpp.obj
                0x1000540c                Adafruit_GFX::drawFastVLine(short, short, short, unsigned short)
 .text._ZN12Adafruit_GFX13drawFastHLineEssst
                0x10005454       0x4c CMakeFiles/magloop_pico.dir/Adafruit-GFX-Library/Adafruit_GFX.cpp.obj
                0x10005454                Adafruit_GFX::drawFastHLine(short, short, short, unsigned short)
 .text._ZN12Adafruit_GFX8fillRectEsssst
                0x100054a0       0x58 CMakeFiles/magloop_pico.dir/Adafruit-GFX-Library/Adafruit_GFX.cpp.obj
                0x100054a0                Adafruit_GFX::fillRect(short, short, short, short, unsigned short)
 .text._ZN12Adafruit_GFX10fillScreenEt
                0x100054f8       0x1e CMakeFiles/magloop_pico.dir/Adafruit-GFX-Library/Adafruit_GFX.cpp.obj
                0x100054f8                Adafruit_GFX::fillScreen(unsigned short)
 .text._ZN12Adafruit_GFX8drawLineEsssst
                0x10005516       0xa0 CMakeFiles/magloop_pico.dir/Adafruit-GFX-Library/Adafruit_GFX.cpp.obj
                0x10005516                Adafruit_GFX::drawLine(short, short, short, short, unsigned short)
 .text._ZN12Adafruit_GFX8drawRectEsssst
                0x100055b6       0x8c CMakeFiles/magloop_pico.dir/Adafruit-GFX-Library/Adafruit_GFX.cpp.obj
                0x100055b6                Adafruit_GFX::drawRect(short, short, short, short, unsigned short)
 .text._ZN12Adafruit_GFX11setRotationEh
                0x10005642       0x34 CMakeFiles/magloop_pico.dir/Adafruit-GFX-Library/Adafruit_GFX.cpp.obj
                0x10005642                Adafruit_GFX::setRotation(unsigned char)
 .text._ZN12Adafruit_GFX13invertDisplayEb
                0x10005676        0x2 CMakeFiles/magloop_pico.dir/Adafruit-GFX-Library/Adafruit_GFX.cpp.obj
                0x10005676                Adafruit_GFX::invertDisplay(bool)
 .text._ZN12Adafruit_GFXC2Ess
                0x10005678       0x38 CMakeFiles/magloop_pico.dir/Adafruit-GFX-Library/Adafruit_GFX.cpp.obj
                0x10005678                Adafruit_GFX::Adafruit_GFX(short, short)
                0x10005678                Adafruit_GFX::Adafruit_GFX(short, short)
 .text._ZN12Adafruit_GFX16fillCircleHelperEssshst
                0x100056b0      0x164 CMakeFiles/magloop_pico.dir/Adafruit-GFX-Library/Adafruit_GFX.cpp.obj
                0x100056b0                Adafruit_GFX::fillCircleHelper(short, short, short, unsigned char, short, unsigned short)
 .text._ZN12Adafruit_GFX10fillCircleEssst
                0x10005814       0x54 CMakeFiles/magloop_pico.dir/Adafruit-GFX-Library/Adafruit_GFX.cpp.obj
                0x10005814                Adafruit_GFX::fillCircle(short, short, short, unsigned short)
 .text._ZN12Adafruit_GFX8drawCharEsshtthh
                0x10005868      0x314 CMakeFiles/magloop_pico.dir/Adafruit-GFX-Library/Adafruit_GFX.cpp.obj
                0x10005868                Adafruit_GFX::drawChar(short, short, unsigned char, unsigned short, unsigned short, unsigned char, unsigned char)
 .text._ZN12Adafruit_GFX5writeEh
                0x10005b7c      0x124 CMakeFiles/magloop_pico.dir/Adafruit-GFX-Library/Adafruit_GFX.cpp.obj
                0x10005b7c                Adafruit_GFX::write(unsigned char)
 .text._ZN12Adafruit_GFX11setTextSizeEhh
                0x10005ca0       0x12 CMakeFiles/magloop_pico.dir/Adafruit-GFX-Library/Adafruit_GFX.cpp.obj
                0x10005ca0                Adafruit_GFX::setTextSize(unsigned char, unsigned char)
 .text._ZN12Adafruit_GFX11setTextSizeEh
                0x10005cb2        0xa CMakeFiles/magloop_pico.dir/Adafruit-GFX-Library/Adafruit_GFX.cpp.obj
                0x10005cb2                Adafruit_GFX::setTextSize(unsigned char)
 .text._ZN12Adafruit_GFX7setFontEPK7GFXfont
                0x10005cbc       0x24 CMakeFiles/magloop_pico.dir/Adafruit-GFX-Library/Adafruit_GFX.cpp.obj
                0x10005cbc                Adafruit_GFX::setFont(GFXfont const*)
 .text._ZN15Adafruit_SPITFT10startWriteEv
                0x10005ce0        0xc CMakeFiles/magloop_pico.dir/Adafruit_SPITFT/Adafruit_SPITFT.cpp.obj
                0x10005ce0                Adafruit_SPITFT::startWrite()
 .text._ZN15Adafruit_SPITFT8endWriteEv
                0x10005cec        0xc CMakeFiles/magloop_pico.dir/Adafruit_SPITFT/Adafruit_SPITFT.cpp.obj
                0x10005cec                Adafruit_SPITFT::endWrite()
 .text._ZN15Adafruit_SPITFTC2Ettaaa
                0x10005cf8       0x48 CMakeFiles/magloop_pico.dir/Adafruit_SPITFT/Adafruit_SPITFT.cpp.obj
                0x10005cf8                Adafruit_SPITFT::Adafruit_SPITFT(unsigned short, unsigned short, signed char, signed char, signed char)
                0x10005cf8                Adafruit_SPITFT::Adafruit_SPITFT(unsigned short, unsigned short, signed char, signed char, signed char)
 .text._ZN15Adafruit_SPITFT7initSPIEv
                0x10005d40       0x44 CMakeFiles/magloop_pico.dir/Adafruit_SPITFT/Adafruit_SPITFT.cpp.obj
                0x10005d40                Adafruit_SPITFT::initSPI()
 .text._ZN15Adafruit_SPITFT10writeColorEtm
                0x10005d84       0x50 CMakeFiles/magloop_pico.dir/Adafruit_SPITFT/Adafruit_SPITFT.cpp.obj
                0x10005d84                Adafruit_SPITFT::writeColor(unsigned short, unsigned long)
 .text._ZN15Adafruit_SPITFT8fillRectEsssst
                0x10005dd4       0xf8 CMakeFiles/magloop_pico.dir/Adafruit_SPITFT/Adafruit_SPITFT.cpp.obj
                0x10005dd4                Adafruit_SPITFT::fillRect(short, short, short, short, unsigned short)
 .text._ZN15Adafruit_SPITFT14writeFastVLineEssst
                0x10005ecc       0x74 CMakeFiles/magloop_pico.dir/Adafruit_SPITFT/Adafruit_SPITFT.cpp.obj
                0x10005ecc                Adafruit_SPITFT::writeFastVLine(short, short, short, unsigned short)
 .text._ZN15Adafruit_SPITFT14writeFastHLineEssst
                0x10005f40       0x74 CMakeFiles/magloop_pico.dir/Adafruit_SPITFT/Adafruit_SPITFT.cpp.obj
                0x10005f40                Adafruit_SPITFT::writeFastHLine(short, short, short, unsigned short)
 .text._ZN15Adafruit_SPITFT13drawFastHLineEssst
                0x10005fb4       0x98 CMakeFiles/magloop_pico.dir/Adafruit_SPITFT/Adafruit_SPITFT.cpp.obj
                0x10005fb4                Adafruit_SPITFT::drawFastHLine(short, short, short, unsigned short)
 .text._ZN15Adafruit_SPITFT13drawFastVLineEssst
                0x1000604c       0x98 CMakeFiles/magloop_pico.dir/Adafruit_SPITFT/Adafruit_SPITFT.cpp.obj
                0x1000604c                Adafruit_SPITFT::drawFastVLine(short, short, short, unsigned short)
 .text._ZN15Adafruit_SPITFT13writeFillRectEsssst
                0x100060e4       0xe4 CMakeFiles/magloop_pico.dir/Adafruit_SPITFT/Adafruit_SPITFT.cpp.obj
                0x100060e4                Adafruit_SPITFT::writeFillRect(short, short, short, short, unsigned short)
 .text._ZN15Adafruit_SPITFT8spiWriteEh
                0x100061c8       0x30 CMakeFiles/magloop_pico.dir/Adafruit_SPITFT/Adafruit_SPITFT.cpp.obj
                0x100061c8                Adafruit_SPITFT::spiWrite(unsigned char)
 .text._ZN15Adafruit_SPITFT11sendCommandEhPhh
                0x100061f8       0x42 CMakeFiles/magloop_pico.dir/Adafruit_SPITFT/Adafruit_SPITFT.cpp.obj
                0x100061f8                Adafruit_SPITFT::sendCommand(unsigned char, unsigned char*, unsigned char)
 .text._ZN15Adafruit_SPITFT11sendCommandEhPKhh
                0x1000623a       0x42 CMakeFiles/magloop_pico.dir/Adafruit_SPITFT/Adafruit_SPITFT.cpp.obj
                0x1000623a                Adafruit_SPITFT::sendCommand(unsigned char, unsigned char const*, unsigned char)
 .text._ZN15Adafruit_SPITFT12writeCommandEh
                0x1000627c       0x3c CMakeFiles/magloop_pico.dir/Adafruit_SPITFT/Adafruit_SPITFT.cpp.obj
                0x1000627c                Adafruit_SPITFT::writeCommand(unsigned char)
 .text._ZN15Adafruit_SPITFT13invertDisplayEb
                0x100062b8       0x2a CMakeFiles/magloop_pico.dir/Adafruit_SPITFT/Adafruit_SPITFT.cpp.obj
                0x100062b8                Adafruit_SPITFT::invertDisplay(bool)
 *fill*         0x100062e2        0x2 
 .text._ZN15Adafruit_SPITFT11SPI_WRITE16EPt
                0x100062e4       0x24 CMakeFiles/magloop_pico.dir/Adafruit_SPITFT/Adafruit_SPITFT.cpp.obj
                0x100062e4                Adafruit_SPITFT::SPI_WRITE16(unsigned short*)
 .text._ZN15Adafruit_SPITFT10writePixelEsst
                0x10006308       0x42 CMakeFiles/magloop_pico.dir/Adafruit_SPITFT/Adafruit_SPITFT.cpp.obj
                0x10006308                Adafruit_SPITFT::writePixel(short, short, unsigned short)
 .text._ZN15Adafruit_SPITFT9drawPixelEsst
                0x1000634a       0x54 CMakeFiles/magloop_pico.dir/Adafruit_SPITFT/Adafruit_SPITFT.cpp.obj
                0x1000634a                Adafruit_SPITFT::drawPixel(short, short, unsigned short)
 *fill*         0x1000639e        0x2 
 .text._ZN12AccelStepper4stepEl
                0x100063a0       0x4c CMakeFiles/magloop_pico.dir/AccelStepper/AccelStepper.cpp.obj
                0x100063a0                AccelStepper::step(long)
 .text._ZN12AccelStepper13setOutputPinsEh
                0x100063ec       0x6a CMakeFiles/magloop_pico.dir/AccelStepper/AccelStepper.cpp.obj
                0x100063ec                AccelStepper::setOutputPins(unsigned char)
 .text._ZN12AccelStepper5step0El
                0x10006456       0x1c CMakeFiles/magloop_pico.dir/AccelStepper/AccelStepper.cpp.obj
                0x10006456                AccelStepper::step0(long)
 .text._ZN12AccelStepper5step2El
                0x10006472       0x40 CMakeFiles/magloop_pico.dir/AccelStepper/AccelStepper.cpp.obj
                0x10006472                AccelStepper::step2(long)
 .text._ZN12AccelStepper5step3El
                0x100064b2       0x3e CMakeFiles/magloop_pico.dir/AccelStepper/AccelStepper.cpp.obj
                0x100064b2                AccelStepper::step3(long)
 .text._ZN12AccelStepper5step4El
                0x100064f0       0x40 CMakeFiles/magloop_pico.dir/AccelStepper/AccelStepper.cpp.obj
                0x100064f0                AccelStepper::step4(long)
 .text._ZN12AccelStepper5step6El
                0x10006530       0x64 CMakeFiles/magloop_pico.dir/AccelStepper/AccelStepper.cpp.obj
                0x10006530                AccelStepper::step6(long)
 .text._ZN12AccelStepper5step8El
                0x10006594       0x64 CMakeFiles/magloop_pico.dir/AccelStepper/AccelStepper.cpp.obj
                0x10006594                AccelStepper::step8(long)
 .text._ZN12AccelStepper14disableOutputsEv
                0x100065f8       0x44 CMakeFiles/magloop_pico.dir/AccelStepper/AccelStepper.cpp.obj
                0x100065f8                AccelStepper::disableOutputs()
 .text._ZN12AccelStepper13enableOutputsEv
                0x1000663c       0x80 CMakeFiles/magloop_pico.dir/AccelStepper/AccelStepper.cpp.obj
                0x1000663c                AccelStepper::enableOutputs()
 .text._ZN12AccelStepper5step1El
                0x100066bc       0x48 CMakeFiles/magloop_pico.dir/AccelStepper/AccelStepper.cpp.obj
                0x100066bc                AccelStepper::step1(long)
 .text._ZN12AccelStepper8runSpeedEv
                0x10006704       0x48 CMakeFiles/magloop_pico.dir/AccelStepper/AccelStepper.cpp.obj
                0x10006704                AccelStepper::runSpeed()
 .text._ZN12AccelStepper12distanceToGoEv
                0x1000674c        0x8 CMakeFiles/magloop_pico.dir/AccelStepper/AccelStepper.cpp.obj
                0x1000674c                AccelStepper::distanceToGo()
 .text._ZN12AccelStepper15currentPositionEv
                0x10006754        0x4 CMakeFiles/magloop_pico.dir/AccelStepper/AccelStepper.cpp.obj
                0x10006754                AccelStepper::currentPosition()
 .text._ZN12AccelStepper18setCurrentPositionEl
                0x10006758       0x10 CMakeFiles/magloop_pico.dir/AccelStepper/AccelStepper.cpp.obj
                0x10006758                AccelStepper::setCurrentPosition(long)
 .text._ZN12AccelStepper15computeNewSpeedEv
                0x10006768      0x160 CMakeFiles/magloop_pico.dir/AccelStepper/AccelStepper.cpp.obj
                0x10006768                AccelStepper::computeNewSpeed()
 .text._ZN12AccelStepper6moveToEl
                0x100068c8       0x12 CMakeFiles/magloop_pico.dir/AccelStepper/AccelStepper.cpp.obj
                0x100068c8                AccelStepper::moveTo(long)
 .text._ZN12AccelStepper4moveEl
                0x100068da        0xe CMakeFiles/magloop_pico.dir/AccelStepper/AccelStepper.cpp.obj
                0x100068da                AccelStepper::move(long)
 .text._ZN12AccelStepper3runEv
                0x100068e8       0x32 CMakeFiles/magloop_pico.dir/AccelStepper/AccelStepper.cpp.obj
                0x100068e8                AccelStepper::run()
 *fill*         0x1000691a        0x2 
 .text._ZN12AccelStepper11setMaxSpeedEf
                0x1000691c       0x78 CMakeFiles/magloop_pico.dir/AccelStepper/AccelStepper.cpp.obj
                0x1000691c                AccelStepper::setMaxSpeed(float)
 .text._ZN12AccelStepper15setAccelerationEf
                0x10006994       0x9c CMakeFiles/magloop_pico.dir/AccelStepper/AccelStepper.cpp.obj
                0x10006994                AccelStepper::setAcceleration(float)
 .text._ZN12AccelStepperC2Ehhhhhb
                0x10006a30       0xa8 CMakeFiles/magloop_pico.dir/AccelStepper/AccelStepper.cpp.obj
                0x10006a30                AccelStepper::AccelStepper(unsigned char, unsigned char, unsigned char, unsigned char, unsigned char, bool)
                0x10006a30                AccelStepper::AccelStepper(unsigned char, unsigned char, unsigned char, unsigned char, unsigned char, bool)
 .text._ZN12AccelStepper8setSpeedEf
                0x10006ad8       0x84 CMakeFiles/magloop_pico.dir/AccelStepper/AccelStepper.cpp.obj
                0x10006ad8                AccelStepper::setSpeed(float)
 .text._ZN12AccelStepper13runToPositionEv
                0x10006b5c       0x10 CMakeFiles/magloop_pico.dir/AccelStepper/AccelStepper.cpp.obj
                0x10006b5c                AccelStepper::runToPosition()
 .text._ZN12AccelStepper4stopEv
                0x10006b6c       0x64 CMakeFiles/magloop_pico.dir/AccelStepper/AccelStepper.cpp.obj
                0x10006b6c                AccelStepper::stop()
 .text._ZN17StepperManagementC2ER4DataN12AccelStepper18MotorInterfaceTypeEhhhhb
                0x10006bd0       0x48 CMakeFiles/magloop_pico.dir/StepperManagement/StepperManagement.cpp.obj
                0x10006bd0                StepperManagement::StepperManagement(Data&, AccelStepper::MotorInterfaceType, unsigned char, unsigned char, unsigned char, unsigned char, bool)
                0x10006bd0                StepperManagement::StepperManagement(Data&, AccelStepper::MotorInterfaceType, unsigned char, unsigned char, unsigned char, unsigned char, bool)
 .text._ZN17StepperManagement30MoveStepperToPositionCorrectedEm
                0x10006c18       0x64 CMakeFiles/magloop_pico.dir/StepperManagement/StepperManagement.cpp.obj
                0x10006c18                StepperManagement::MoveStepperToPositionCorrected(unsigned long)
 .text._ZN17StepperManagement18ResetStepperToZeroEv
                0x10006c7c       0xa4 CMakeFiles/magloop_pico.dir/StepperManagement/StepperManagement.cpp.obj
                0x10006c7c                StepperManagement::ResetStepperToZero()
 .text._ZN17StepperManagement30ConvertFrequencyToStepperCountEl
                0x10006d20       0x78 CMakeFiles/magloop_pico.dir/StepperManagement/StepperManagement.cpp.obj
                0x10006d20                StepperManagement::ConvertFrequencyToStepperCount(long)
 .text._ZN3DDSC2Ejjjj
                0x10006d98       0x56 CMakeFiles/magloop_pico.dir/DDS/DDS.cpp.obj
                0x10006d98                DDS::DDS(unsigned int, unsigned int, unsigned int, unsigned int)
                0x10006d98                DDS::DDS(unsigned int, unsigned int, unsigned int, unsigned int)
 *fill*         0x10006dee        0x2 
 .text._ZN3DDS9DDSWakeUpEv
                0x10006df0       0x64 CMakeFiles/magloop_pico.dir/DDS/DDS.cpp.obj
                0x10006df0                DDS::DDSWakeUp()
 .text._ZN3DDS6outOneEv
                0x10006e54       0x4c CMakeFiles/magloop_pico.dir/DDS/DDS.cpp.obj
                0x10006e54                DDS::outOne()
 .text._ZN3DDS7outZeroEv
                0x10006ea0       0x4c CMakeFiles/magloop_pico.dir/DDS/DDS.cpp.obj
                0x10006ea0                DDS::outZero()
 .text._ZN3DDS8byte_outEh
                0x10006eec       0x26 CMakeFiles/magloop_pico.dir/DDS/DDS.cpp.obj
                0x10006eec                DDS::byte_out(unsigned char)
 *fill*         0x10006f12        0x2 
 .text._ZN3DDS13SendFrequencyEl
                0x10006f14       0x88 CMakeFiles/magloop_pico.dir/DDS/DDS.cpp.obj
                0x10006f14                DDS::SendFrequency(long)
 .text._ZN3SWRC2Ev
                0x10006f9c       0x4a CMakeFiles/magloop_pico.dir/SWR/SWR.cpp.obj
                0x10006f9c                SWR::SWR()
                0x10006f9c                SWR::SWR()
 *fill*         0x10006fe6        0x2 
 .text._ZN3SWR14ReadADCoffsetsEv
                0x10006fe8       0xac CMakeFiles/magloop_pico.dir/SWR/SWR.cpp.obj
                0x10006fe8                SWR::ReadADCoffsets()
 .text._ZN3SWR12ReadSWRValueEv
                0x10007094      0x138 CMakeFiles/magloop_pico.dir/SWR/SWR.cpp.obj
                0x10007094                SWR::ReadSWRValue()
 .text._ZN17DisplayManagement6SplashENSt7__cxx1112basic_stringIcSt11char_traitsIcESaIcEEES5_
                0x100071cc       0xfc CMakeFiles/magloop_pico.dir/DisplayManagement/DisplayManagement.cpp.obj
                0x100071cc                DisplayManagement::Splash(std::__cxx11::basic_string<char, std::char_traits<char>, std::allocator<char> >, std::__cxx11::basic_string<char, std::char_traits<char>, std::allocator<char> >)
 .text._ZN17DisplayManagement17MakeMenuSelectionEi
                0x100072c8       0xe4 CMakeFiles/magloop_pico.dir/DisplayManagement/DisplayManagement.cpp.obj
                0x100072c8                DisplayManagement::MakeMenuSelection(int)
 .text._ZN17DisplayManagement14EraseBelowMenuEv
                0x100073ac       0x38 CMakeFiles/magloop_pico.dir/DisplayManagement/DisplayManagement.cpp.obj
                0x100073ac                DisplayManagement::EraseBelowMenu()
 .text._ZN17DisplayManagement15ShowMainDisplayEi
                0x100073e4       0x64 CMakeFiles/magloop_pico.dir/DisplayManagement/DisplayManagement.cpp.obj
                0x100073e4                DisplayManagement::ShowMainDisplay(int)
 .text._ZN17DisplayManagement15UpdateFrequencyEi
                0x10007448       0xac CMakeFiles/magloop_pico.dir/DisplayManagement/DisplayManagement.cpp.obj
                0x10007448                DisplayManagement::UpdateFrequency(int)
 .text._ZN17DisplayManagement15ShowSubmenuDataEfi
                0x100074f4      0x10c CMakeFiles/magloop_pico.dir/DisplayManagement/DisplayManagement.cpp.obj
                0x100074f4                DisplayManagement::ShowSubmenuData(float, int)
 .text._ZN17DisplayManagement16updateMessageTopENSt7__cxx1112basic_stringIcSt11char_traitsIcESaIcEEE
                0x10007600       0x6c CMakeFiles/magloop_pico.dir/DisplayManagement/DisplayManagement.cpp.obj
                0x10007600                DisplayManagement::updateMessageTop(std::__cxx11::basic_string<char, std::char_traits<char>, std::allocator<char> >)
 .text._ZN17DisplayManagement19updateMessageBottomENSt7__cxx1112basic_stringIcSt11char_traitsIcESaIcEEE
                0x1000766c       0x58 CMakeFiles/magloop_pico.dir/DisplayManagement/DisplayManagement.cpp.obj
                0x1000766c                DisplayManagement::updateMessageBottom(std::__cxx11::basic_string<char, std::char_traits<char>, std::allocator<char> >)
 .text._ZN17DisplayManagement27RestorePreviousPresetChoiceEii
                0x100076c4       0x3a CMakeFiles/magloop_pico.dir/DisplayManagement/DisplayManagement.cpp.obj
                0x100076c4                DisplayManagement::RestorePreviousPresetChoice(int, int)
 *fill*         0x100076fe        0x2 
 .text._ZN17DisplayManagement24HighlightNewPresetChoiceEii
                0x10007700       0x40 CMakeFiles/magloop_pico.dir/DisplayManagement/DisplayManagement.cpp.obj
                0x10007700                DisplayManagement::HighlightNewPresetChoice(int, int)
 .text._ZN17DisplayManagement20ManualStepperControlEv
                0x10007740       0x34 CMakeFiles/magloop_pico.dir/DisplayManagement/DisplayManagement.cpp.obj
                0x10007740                DisplayManagement::ManualStepperControl()
 .text._ZN17DisplayManagement5PowerEb
                0x10007774       0x9a CMakeFiles/magloop_pico.dir/DisplayManagement/DisplayManagement.cpp.obj
                0x10007774                DisplayManagement::Power(bool)
 *fill*         0x1000780e        0x2 
 .text._ZN17DisplayManagement15DetectMaxSwitchEv
                0x10007810       0x9c CMakeFiles/magloop_pico.dir/DisplayManagement/DisplayManagement.cpp.obj
                0x10007810                DisplayManagement::DetectMaxSwitch()
 .text._ZN17DisplayManagementC2ER16Adafruit_ILI9341R3DDSR3SWRR17StepperManagementR6EEPROMR4Data
                0x100078ac      0x11c CMakeFiles/magloop_pico.dir/DisplayManagement/DisplayManagement.cpp.obj
                0x100078ac                DisplayManagement::DisplayManagement(Adafruit_ILI9341&, DDS&, SWR&, StepperManagement&, EEPROM&, Data&)
                0x100078ac                DisplayManagement::DisplayManagement(Adafruit_ILI9341&, DDS&, SWR&, StepperManagement&, EEPROM&, Data&)
 .text._ZN17DisplayManagement10SelectBandEPKNSt7__cxx1112basic_stringIcSt11char_traitsIcESaIcEEE
                0x100079c8      0x200 CMakeFiles/magloop_pico.dir/DisplayManagement/DisplayManagement.cpp.obj
                0x100079c8                DisplayManagement::SelectBand(std::__cxx11::basic_string<char, std::char_traits<char>, std::allocator<char> > const*)
 .text._ZN17DisplayManagement12SelectPresetEv
                0x10007bc8      0x1f8 CMakeFiles/magloop_pico.dir/DisplayManagement/DisplayManagement.cpp.obj
                0x10007bc8                DisplayManagement::SelectPreset()
 .text._ZN17DisplayManagement22ManualFrequencyControlEi
                0x10007dc0      0x1b0 CMakeFiles/magloop_pico.dir/DisplayManagement/DisplayManagement.cpp.obj
                0x10007dc0                DisplayManagement::ManualFrequencyControl(int)
 .text._ZN17DisplayManagement15ChangeFrequencyEil
                0x10007f70      0x374 CMakeFiles/magloop_pico.dir/DisplayManagement/DisplayManagement.cpp.obj
                0x10007f70                DisplayManagement::ChangeFrequency(int, long)
 .text._ZN17DisplayManagement11AutoTuneSWREv
                0x100082e4      0x228 CMakeFiles/magloop_pico.dir/DisplayManagement/DisplayManagement.cpp.obj
                0x100082e4                DisplayManagement::AutoTuneSWR()
 .text._ZN17DisplayManagement10manualTuneEv
                0x1000850c      0x19c CMakeFiles/magloop_pico.dir/DisplayManagement/DisplayManagement.cpp.obj
                0x1000850c                DisplayManagement::manualTune()
 .text._ZN17DisplayManagement14ProcessPresetsEv
                0x100086a8       0xc4 CMakeFiles/magloop_pico.dir/DisplayManagement/DisplayManagement.cpp.obj
                0x100086a8                DisplayManagement::ProcessPresets()
 .text._ZN17DisplayManagement15DoNewCalibrate2Ev
                0x1000876c      0x2b8 CMakeFiles/magloop_pico.dir/DisplayManagement/DisplayManagement.cpp.obj
                0x1000876c                DisplayManagement::DoNewCalibrate2()
 .text._ZN17DisplayManagement16DoFirstCalibrateEv
                0x10008a24      0x300 CMakeFiles/magloop_pico.dir/DisplayManagement/DisplayManagement.cpp.obj
                0x10008a24                DisplayManagement::DoFirstCalibrate()
 .text._ZN17DisplayManagement19frequencyMenuOptionEv
                0x10008d24      0x168 CMakeFiles/magloop_pico.dir/DisplayManagement/DisplayManagement.cpp.obj
                0x10008d24                DisplayManagement::frequencyMenuOption()
 .text._ZN17DisplayManagement21DoSingleBandCalibrateEi
                0x10008e8c      0x2b4 CMakeFiles/magloop_pico.dir/DisplayManagement/DisplayManagement.cpp.obj
                0x10008e8c                DisplayManagement::DoSingleBandCalibrate(int)
 .text._ZN17DisplayManagement18CalibrationMachineEv
                0x10009140      0x198 CMakeFiles/magloop_pico.dir/DisplayManagement/DisplayManagement.cpp.obj
                0x10009140                DisplayManagement::CalibrationMachine()
 .text._ZN6ButtonC2Ej
                0x100092d8       0x18 CMakeFiles/magloop_pico.dir/Button/Button.cpp.obj
                0x100092d8                Button::Button(unsigned int)
                0x100092d8                Button::Button(unsigned int)
 .text._ZN6Button10initializeEv
                0x100092f0       0x24 CMakeFiles/magloop_pico.dir/Button/Button.cpp.obj
                0x100092f0                Button::initialize()
 .text._ZN6Button12buttonPushedEv
                0x10009314       0xb2 CMakeFiles/magloop_pico.dir/Button/Button.cpp.obj
                0x10009314                Button::buttonPushed()
 .text._ZN6RotaryC2Ecc
                0x100093c6        0xc CMakeFiles/magloop_pico.dir/Rotary/Rotary.cpp.obj
                0x100093c6                Rotary::Rotary(char, char)
                0x100093c6                Rotary::Rotary(char, char)
 .text._ZN6Rotary5beginEbb
                0x100093d2       0x76 CMakeFiles/magloop_pico.dir/Rotary/Rotary.cpp.obj
                0x100093d2                Rotary::begin(bool, bool)
 .text._ZN6Rotary7processEv
                0x10009448       0x40 CMakeFiles/magloop_pico.dir/Rotary/Rotary.cpp.obj
                0x10009448                Rotary::process()
 .text._ZN6EEPROM5writeEPKh
                0x10009488       0x2a CMakeFiles/magloop_pico.dir/EEPROM/EEPROM.cpp.obj
                0x10009488                EEPROM::write(unsigned char const*)
 .text._ZN6EEPROM4readEm
                0x100094b2        0xc CMakeFiles/magloop_pico.dir/EEPROM/EEPROM.cpp.obj
                0x100094b2                EEPROM::read(unsigned long)
 .text._ZN6EEPROM10initializeEv
                0x100094be       0x14 CMakeFiles/magloop_pico.dir/EEPROM/EEPROM.cpp.obj
                0x100094be                EEPROM::initialize()
 *fill*         0x100094d2        0x2 
 .text._ZN6EEPROMC2ER4Data
                0x100094d4       0x1c CMakeFiles/magloop_pico.dir/EEPROM/EEPROM.cpp.obj
                0x100094d4                EEPROM::EEPROM(Data&)
                0x100094d4                EEPROM::EEPROM(Data&)
 .text._ZN6EEPROM24ReadEEPROMValuesToBufferEv
                0x100094f0       0x68 CMakeFiles/magloop_pico.dir/EEPROM/EEPROM.cpp.obj
                0x100094f0                EEPROM::ReadEEPROMValuesToBuffer()
 .text._ZN6EEPROM19WritePositionCountsEv
                0x10009558       0x2e CMakeFiles/magloop_pico.dir/EEPROM/EEPROM.cpp.obj
                0x10009558                EEPROM::WritePositionCounts()
 .text._ZN6EEPROM18ReadPositionCountsEv
                0x10009586       0x34 CMakeFiles/magloop_pico.dir/EEPROM/EEPROM.cpp.obj
                0x10009586                EEPROM::ReadPositionCounts()
 .text._ZN6EEPROM15ReadCurrentBandEv
                0x100095ba        0xa CMakeFiles/magloop_pico.dir/EEPROM/EEPROM.cpp.obj
                0x100095ba                EEPROM::ReadCurrentBand()
 .text._ZN6EEPROM16WriteCurrentBandEv
                0x100095c4        0x6 CMakeFiles/magloop_pico.dir/EEPROM/EEPROM.cpp.obj
                0x100095c4                EEPROM::WriteCurrentBand()
 .text._ZN9GraphPlotC2ER16Adafruit_ILI9341R3DDSR4Data
                0x100095ca       0x28 CMakeFiles/magloop_pico.dir/GraphPlot/GraphPlot.cpp.obj
                0x100095ca                GraphPlot::GraphPlot(Adafruit_ILI9341&, DDS&, Data&)
                0x100095ca                GraphPlot::GraphPlot(Adafruit_ILI9341&, DDS&, Data&)
 *fill*         0x100095f2        0x2 
 .text._ZN9GraphPlot9GraphAxisEi
                0x100095f4      0x350 CMakeFiles/magloop_pico.dir/GraphPlot/GraphPlot.cpp.obj
                0x100095f4                GraphPlot::GraphAxis(int)
 .text._ZN9GraphPlot24PlotNewStartingFrequencyEi
                0x10009944      0x118 CMakeFiles/magloop_pico.dir/GraphPlot/GraphPlot.cpp.obj
                0x10009944                GraphPlot::PlotNewStartingFrequency(int)
 .text._ZN9GraphPlot15PlotSWRValueNewEiiPlPfl
                0x10009a5c      0x164 CMakeFiles/magloop_pico.dir/GraphPlot/GraphPlot.cpp.obj
                0x10009a5c                GraphPlot::PlotSWRValueNew(int, int, long*, float*, long)
 .text._ZN4Data13computeSlopesEv
                0x10009bc0       0xee CMakeFiles/magloop_pico.dir/Data/Data.cpp.obj
                0x10009bc0                Data::computeSlopes()
 *fill*         0x10009cae        0x2 
 .text._ZN4DataC2Ev
                0x10009cb0      0x110 CMakeFiles/magloop_pico.dir/Data/Data.cpp.obj
                0x10009cb0                Data::Data()
                0x10009cb0                Data::Data()
 .text          0x10009dc0      0x3e8 arduino_includes/libprint.a(Print.cpp.obj)
                0x10009dc0                Print::write(unsigned char const*, unsigned int)
                0x10009de8                Print::print(String const&)
                0x10009df8                Print::print(char const*)
                0x10009e18                Print::print(char)
                0x10009e22                Print::print(Printable const&)
                0x10009e32                Print::println()
                0x10009e44                Print::println(String const&)
                0x10009e58                Print::println(char const*)
                0x10009e6c                Print::println(char)
                0x10009e80                Print::println(Printable const&)
                0x10009e94                Print::printNumber(unsigned long, unsigned char)
                0x10009f0c                Print::print(long, int)
                0x10009f4e                Print::print(int, int)
                0x10009f56                Print::println(int, int)
                0x10009f6a                Print::println(long, int)
                0x10009f7e                Print::print(unsigned long, int)
                0x10009f96                Print::print(unsigned char, int)
                0x10009f9e                Print::println(unsigned char, int)
                0x10009fb2                Print::print(unsigned int, int)
                0x10009fba                Print::println(unsigned int, int)
                0x10009fce                Print::println(unsigned long, int)
                0x10009fe2                Print::printFloat(double, unsigned char)
                0x1000a174                Print::print(double, int)
                0x1000a18a                Print::println(double, int)
 .text._ZN10__cxxabiv120__si_class_type_infoD2Ev
                0x1000a1a8       0x18 /usr/lib/gcc/arm-none-eabi/8.3.1/../../../arm-none-eabi/lib/thumb/v6-m/nofp/libstdc++.a(si_class_type_info.o)
                0x1000a1a8                __cxxabiv1::__si_class_type_info::~__si_class_type_info()
                0x1000a1a8                __cxxabiv1::__si_class_type_info::~__si_class_type_info()
 .text._ZN10__cxxabiv120__si_class_type_infoD0Ev
                0x1000a1c0       0x20 /usr/lib/gcc/arm-none-eabi/8.3.1/../../../arm-none-eabi/lib/thumb/v6-m/nofp/libstdc++.a(si_class_type_info.o)
                0x1000a1c0                __cxxabiv1::__si_class_type_info::~__si_class_type_info()
 .text._ZNK10__cxxabiv120__si_class_type_info20__do_find_public_srcEiPKvPKNS_17__class_type_infoES2_
                0x1000a1e0       0x38 /usr/lib/gcc/arm-none-eabi/8.3.1/../../../arm-none-eabi/lib/thumb/v6-m/nofp/libstdc++.a(si_class_type_info.o)
                0x1000a1e0                __cxxabiv1::__si_class_type_info::__do_find_public_src(int, void const*, __cxxabiv1::__class_type_info const*, void const*) const
 .text._ZNK10__cxxabiv120__si_class_type_info12__do_dyncastEiNS_17__class_type_info10__sub_kindEPKS1_PKvS4_S6_RNS1_16__dyncast_resultE
                0x1000a218       0x9c /usr/lib/gcc/arm-none-eabi/8.3.1/../../../arm-none-eabi/lib/thumb/v6-m/nofp/libstdc++.a(si_class_type_info.o)
                0x1000a218                __cxxabiv1::__si_class_type_info::__do_dyncast(int, __cxxabiv1::__class_type_info::__sub_kind, __cxxabiv1::__class_type_info const*, void const*, __cxxabiv1::__class_type_info const*, void const*, __cxxabiv1::__class_type_info::__dyncast_result&) const
 .text._ZNK10__cxxabiv120__si_class_type_info11__do_upcastEPKNS_17__class_type_infoEPKvRNS1_15__upcast_resultE
                0x1000a2b4       0x24 /usr/lib/gcc/arm-none-eabi/8.3.1/../../../arm-none-eabi/lib/thumb/v6-m/nofp/libstdc++.a(si_class_type_info.o)
                0x1000a2b4                __cxxabiv1::__si_class_type_info::__do_upcast(__cxxabiv1::__class_type_info const*, void const*, __cxxabiv1::__class_type_info::__upcast_result&) const
 .text.__cxa_pure_virtual
                0x1000a2d8        0x8 /usr/lib/gcc/arm-none-eabi/8.3.1/../../../arm-none-eabi/lib/thumb/v6-m/nofp/libstdc++.a(pure.o)
                0x1000a2d8                __cxa_pure_virtual
 .text._Znwj    0x1000a2e0       0x40 /usr/lib/gcc/arm-none-eabi/8.3.1/../../../arm-none-eabi/lib/thumb/v6-m/nofp/libstdc++.a(new_op.o)
                0x1000a2e0                operator new(unsigned int)
 .text._ZSt15get_new_handlerv
                0x1000a320        0xc /usr/lib/gcc/arm-none-eabi/8.3.1/../../../arm-none-eabi/lib/thumb/v6-m/nofp/libstdc++.a(new_handler.o)
                0x1000a320                std::get_new_handler()
 .text._ZL23__gxx_exception_cleanup19_Unwind_Reason_CodeP21_Unwind_Control_Block
                0x1000a32c       0x34 /usr/lib/gcc/arm-none-eabi/8.3.1/../../../arm-none-eabi/lib/thumb/v6-m/nofp/libstdc++.a(eh_throw.o)
 .text.__cxa_init_primary_exception
                0x1000a360       0x4c /usr/lib/gcc/arm-none-eabi/8.3.1/../../../arm-none-eabi/lib/thumb/v6-m/nofp/libstdc++.a(eh_throw.o)
                0x1000a360                __cxa_init_primary_exception
 .text.__cxa_throw
                0x1000a3ac       0x34 /usr/lib/gcc/arm-none-eabi/8.3.1/../../../arm-none-eabi/lib/thumb/v6-m/nofp/libstdc++.a(eh_throw.o)
                0x1000a3ac                __cxa_throw
 .text.__cxa_rethrow
                0x1000a3e0       0x70 /usr/lib/gcc/arm-none-eabi/8.3.1/../../../arm-none-eabi/lib/thumb/v6-m/nofp/libstdc++.a(eh_throw.o)
                0x1000a3e0                __cxa_rethrow
 .text._ZN10__cxxabiv111__terminateEPFvvE
                0x1000a450       0x28 /usr/lib/gcc/arm-none-eabi/8.3.1/../../../arm-none-eabi/lib/thumb/v6-m/nofp/libstdc++.a(eh_terminate.o)
                0x1000a450                __cxxabiv1::__terminate(void (*)())
 .text._ZSt9terminatev
                0x1000a478       0x10 /usr/lib/gcc/arm-none-eabi/8.3.1/../../../arm-none-eabi/lib/thumb/v6-m/nofp/libstdc++.a(eh_terminate.o)
                0x1000a478                std::terminate()
 .text._ZN10__cxxabiv112__unexpectedEPFvvE
                0x1000a488        0x8 /usr/lib/gcc/arm-none-eabi/8.3.1/../../../arm-none-eabi/lib/thumb/v6-m/nofp/libstdc++.a(eh_terminate.o)
                0x1000a488                __cxxabiv1::__unexpected(void (*)())
 .text._ZSt10unexpectedv
                0x1000a490       0x10 /usr/lib/gcc/arm-none-eabi/8.3.1/../../../arm-none-eabi/lib/thumb/v6-m/nofp/libstdc++.a(eh_terminate.o)
                0x1000a490                std::unexpected()
 .text._ZSt13get_terminatev
                0x1000a4a0        0xc /usr/lib/gcc/arm-none-eabi/8.3.1/../../../arm-none-eabi/lib/thumb/v6-m/nofp/libstdc++.a(eh_terminate.o)
                0x1000a4a0                std::get_terminate()
 .text._ZSt14get_unexpectedv
                0x1000a4ac        0xc /usr/lib/gcc/arm-none-eabi/8.3.1/../../../arm-none-eabi/lib/thumb/v6-m/nofp/libstdc++.a(eh_terminate.o)
                0x1000a4ac                std::get_unexpected()
 .text._ZL28read_encoded_value_with_basehjPKhPj
                0x1000a4b8      0x10c /usr/lib/gcc/arm-none-eabi/8.3.1/../../../arm-none-eabi/lib/thumb/v6-m/nofp/libstdc++.a(eh_personality.o)
 .text._ZL21base_of_encoded_valuehP15_Unwind_Context
                0x1000a5c4       0x48 /usr/lib/gcc/arm-none-eabi/8.3.1/../../../arm-none-eabi/lib/thumb/v6-m/nofp/libstdc++.a(eh_personality.o)
 .text._ZL17parse_lsda_headerP15_Unwind_ContextPKhP16lsda_header_info
                0x1000a60c       0x9c /usr/lib/gcc/arm-none-eabi/8.3.1/../../../arm-none-eabi/lib/thumb/v6-m/nofp/libstdc++.a(eh_personality.o)
 .text.__gxx_personality_v0
                0x1000a6a8      0x4a4 /usr/lib/gcc/arm-none-eabi/8.3.1/../../../arm-none-eabi/lib/thumb/v6-m/nofp/libstdc++.a(eh_personality.o)
                0x1000a6a8                __gxx_personality_v0
 .text.__cxa_get_globals_fast
                0x1000ab4c        0x8 /usr/lib/gcc/arm-none-eabi/8.3.1/../../../arm-none-eabi/lib/thumb/v6-m/nofp/libstdc++.a(eh_globals.o)
                0x1000ab4c                __cxa_get_globals_fast
 .text.__cxa_get_globals
                0x1000ab54        0x8 /usr/lib/gcc/arm-none-eabi/8.3.1/../../../arm-none-eabi/lib/thumb/v6-m/nofp/libstdc++.a(eh_globals.o)
                0x1000ab54                __cxa_get_globals
 .text.__cxa_begin_catch
                0x1000ab5c       0x74 /usr/lib/gcc/arm-none-eabi/8.3.1/../../../arm-none-eabi/lib/thumb/v6-m/nofp/libstdc++.a(eh_catch.o)
                0x1000ab5c                __cxa_begin_catch
 .text.__cxa_end_catch
                0x1000abd0       0x8c /usr/lib/gcc/arm-none-eabi/8.3.1/../../../arm-none-eabi/lib/thumb/v6-m/nofp/libstdc++.a(eh_catch.o)
                0x1000abd0                __cxa_end_catch
 .text._ZN10__cxxabiv1L24__is_gxx_exception_classEPc
                0x1000ac5c       0x3c /usr/lib/gcc/arm-none-eabi/8.3.1/../../../arm-none-eabi/lib/thumb/v6-m/nofp/libstdc++.a(eh_call.o)
 .text.__cxa_call_terminate
                0x1000ac98       0x20 /usr/lib/gcc/arm-none-eabi/8.3.1/../../../arm-none-eabi/lib/thumb/v6-m/nofp/libstdc++.a(eh_call.o)
                0x1000ac98                __cxa_call_terminate
 .text.unlikely.__cxa_call_unexpected
                0x1000acb8      0x100 /usr/lib/gcc/arm-none-eabi/8.3.1/../../../arm-none-eabi/lib/thumb/v6-m/nofp/libstdc++.a(eh_call.o)
                0x1000acb8                __cxa_call_unexpected
 .text.__cxa_end_cleanup
                0x1000adb8        0xc /usr/lib/gcc/arm-none-eabi/8.3.1/../../../arm-none-eabi/lib/thumb/v6-m/nofp/libstdc++.a(eh_arm.o)
                0x1000adb8                __cxa_end_cleanup
 .text.__cxa_type_match
                0x1000adc4       0xd0 /usr/lib/gcc/arm-none-eabi/8.3.1/../../../arm-none-eabi/lib/thumb/v6-m/nofp/libstdc++.a(eh_arm.o)
                0x1000adc4                __cxa_type_match
 .text.__cxa_begin_cleanup
                0x1000ae94       0x60 /usr/lib/gcc/arm-none-eabi/8.3.1/../../../arm-none-eabi/lib/thumb/v6-m/nofp/libstdc++.a(eh_arm.o)
                0x1000ae94                __cxa_begin_cleanup
 .text.__gnu_end_cleanup
                0x1000aef4       0x70 /usr/lib/gcc/arm-none-eabi/8.3.1/../../../arm-none-eabi/lib/thumb/v6-m/nofp/libstdc++.a(eh_arm.o)
                0x1000aef4                __gnu_end_cleanup
 .text._ZN12_GLOBAL__N_14pool4freeEPv.constprop.4
                0x1000af64       0x84 /usr/lib/gcc/arm-none-eabi/8.3.1/../../../arm-none-eabi/lib/thumb/v6-m/nofp/libstdc++.a(eh_alloc.o)
 .text._ZN12_GLOBAL__N_14pool8allocateEj.constprop.5
                0x1000afe8       0x64 /usr/lib/gcc/arm-none-eabi/8.3.1/../../../arm-none-eabi/lib/thumb/v6-m/nofp/libstdc++.a(eh_alloc.o)
 .text.__cxa_allocate_exception
                0x1000b04c       0x2c /usr/lib/gcc/arm-none-eabi/8.3.1/../../../arm-none-eabi/lib/thumb/v6-m/nofp/libstdc++.a(eh_alloc.o)
                0x1000b04c                __cxa_allocate_exception
 .text.__cxa_free_exception
                0x1000b078       0x24 /usr/lib/gcc/arm-none-eabi/8.3.1/../../../arm-none-eabi/lib/thumb/v6-m/nofp/libstdc++.a(eh_alloc.o)
                0x1000b078                __cxa_free_exception
 .text.startup._GLOBAL__sub_I__ZN9__gnu_cxx9__freeresEv
                0x1000b09c       0x2c /usr/lib/gcc/arm-none-eabi/8.3.1/../../../arm-none-eabi/lib/thumb/v6-m/nofp/libstdc++.a(eh_alloc.o)
 .text._ZdlPvj  0x1000b0c8        0x8 /usr/lib/gcc/arm-none-eabi/8.3.1/../../../arm-none-eabi/lib/thumb/v6-m/nofp/libstdc++.a(del_ops.o)
                0x1000b0c8                operator delete(void*, unsigned int)
 .text._ZdlPv   0x1000b0d0        0x8 /usr/lib/gcc/arm-none-eabi/8.3.1/../../../arm-none-eabi/lib/thumb/v6-m/nofp/libstdc++.a(del_op.o)
                0x1000b0d0                operator delete(void*)
 .text._ZNK10__cxxabiv117__class_type_info11__do_upcastEPKS0_PPv
                0x1000b0d8       0x38 /usr/lib/gcc/arm-none-eabi/8.3.1/../../../arm-none-eabi/lib/thumb/v6-m/nofp/libstdc++.a(class_type_info.o)
                0x1000b0d8                __cxxabiv1::__class_type_info::__do_upcast(__cxxabiv1::__class_type_info const*, void**) const
 .text._ZNK10__cxxabiv117__class_type_info20__do_find_public_srcEiPKvPKS0_S2_
                0x1000b110       0x14 /usr/lib/gcc/arm-none-eabi/8.3.1/../../../arm-none-eabi/lib/thumb/v6-m/nofp/libstdc++.a(class_type_info.o)
                0x1000b110                __cxxabiv1::__class_type_info::__do_find_public_src(int, void const*, __cxxabiv1::__class_type_info const*, void const*) const
 .text._ZN10__cxxabiv117__class_type_infoD2Ev
                0x1000b124       0x18 /usr/lib/gcc/arm-none-eabi/8.3.1/../../../arm-none-eabi/lib/thumb/v6-m/nofp/libstdc++.a(class_type_info.o)
                0x1000b124                __cxxabiv1::__class_type_info::~__class_type_info()
                0x1000b124                __cxxabiv1::__class_type_info::~__class_type_info()
 .text._ZN10__cxxabiv117__class_type_infoD0Ev
                0x1000b13c       0x20 /usr/lib/gcc/arm-none-eabi/8.3.1/../../../arm-none-eabi/lib/thumb/v6-m/nofp/libstdc++.a(class_type_info.o)
                0x1000b13c                __cxxabiv1::__class_type_info::~__class_type_info()
 .text._ZNK10__cxxabiv117__class_type_info12__do_dyncastEiNS0_10__sub_kindEPKS0_PKvS3_S5_RNS0_16__dyncast_resultE
                0x1000b15c       0x40 /usr/lib/gcc/arm-none-eabi/8.3.1/../../../arm-none-eabi/lib/thumb/v6-m/nofp/libstdc++.a(class_type_info.o)
                0x1000b15c                __cxxabiv1::__class_type_info::__do_dyncast(int, __cxxabiv1::__class_type_info::__sub_kind, __cxxabiv1::__class_type_info const*, void const*, __cxxabiv1::__class_type_info const*, void const*, __cxxabiv1::__class_type_info::__dyncast_result&) const
 .text._ZNK10__cxxabiv117__class_type_info11__do_upcastEPKS0_PKvRNS0_15__upcast_resultE
                0x1000b19c       0x1c /usr/lib/gcc/arm-none-eabi/8.3.1/../../../arm-none-eabi/lib/thumb/v6-m/nofp/libstdc++.a(class_type_info.o)
                0x1000b19c                __cxxabiv1::__class_type_info::__do_upcast(__cxxabiv1::__class_type_info const*, void const*, __cxxabiv1::__class_type_info::__upcast_result&) const
 .text._ZNK10__cxxabiv117__class_type_info10__do_catchEPKSt9type_infoPPvj
                0x1000b1b8       0x24 /usr/lib/gcc/arm-none-eabi/8.3.1/../../../arm-none-eabi/lib/thumb/v6-m/nofp/libstdc++.a(class_type_info.o)
                0x1000b1b8                __cxxabiv1::__class_type_info::__do_catch(std::type_info const*, void**, unsigned int) const
 .text._ZNKSt9bad_alloc4whatEv
                0x1000b1dc        0x8 /usr/lib/gcc/arm-none-eabi/8.3.1/../../../arm-none-eabi/lib/thumb/v6-m/nofp/libstdc++.a(bad_alloc.o)
                0x1000b1dc                std::bad_alloc::what() const
 .text._ZNSt9bad_allocD2Ev
                0x1000b1e4       0x18 /usr/lib/gcc/arm-none-eabi/8.3.1/../../../arm-none-eabi/lib/thumb/v6-m/nofp/libstdc++.a(bad_alloc.o)
                0x1000b1e4                std::bad_alloc::~bad_alloc()
                0x1000b1e4                std::bad_alloc::~bad_alloc()
 .text._ZNSt9bad_allocD0Ev
                0x1000b1fc       0x20 /usr/lib/gcc/arm-none-eabi/8.3.1/../../../arm-none-eabi/lib/thumb/v6-m/nofp/libstdc++.a(bad_alloc.o)
                0x1000b1fc                std::bad_alloc::~bad_alloc()
 .text._ZSt19__throw_logic_errorPKc
                0x1000b21c       0x30 /usr/lib/gcc/arm-none-eabi/8.3.1/../../../arm-none-eabi/lib/thumb/v6-m/nofp/libstdc++.a(functexcept.o)
                0x1000b21c                std::__throw_logic_error(char const*)
 .text._ZSt20__throw_length_errorPKc
                0x1000b24c       0x30 /usr/lib/gcc/arm-none-eabi/8.3.1/../../../arm-none-eabi/lib/thumb/v6-m/nofp/libstdc++.a(functexcept.o)
                0x1000b24c                std::__throw_length_error(char const*)
 .text._ZNSt11logic_errorC2EPKc
                0x1000b27c       0x24 /usr/lib/gcc/arm-none-eabi/8.3.1/../../../arm-none-eabi/lib/thumb/v6-m/nofp/libstdc++.a(cow-stdexcept.o)
                0x1000b27c                std::logic_error::logic_error(char const*)
                0x1000b27c                std::logic_error::logic_error(char const*)
 .text._ZNSt12length_errorC2EPKc
                0x1000b2a0       0x14 /usr/lib/gcc/arm-none-eabi/8.3.1/../../../arm-none-eabi/lib/thumb/v6-m/nofp/libstdc++.a(cow-stdexcept.o)
                0x1000b2a0                std::length_error::length_error(char const*)
                0x1000b2a0                std::length_error::length_error(char const*)
 .text._ZNSt9type_infoD2Ev
                0x1000b2b4        0x4 /usr/lib/gcc/arm-none-eabi/8.3.1/../../../arm-none-eabi/lib/thumb/v6-m/nofp/libstdc++.a(tinfo.o)
                0x1000b2b4                std::type_info::~type_info()
                0x1000b2b4                std::type_info::~type_info()
 .text._ZNKSt9type_info14__is_pointer_pEv
                0x1000b2b8        0x4 /usr/lib/gcc/arm-none-eabi/8.3.1/../../../arm-none-eabi/lib/thumb/v6-m/nofp/libstdc++.a(tinfo.o)
                0x1000b2b8                std::type_info::__is_function_p() const
                0x1000b2b8                std::type_info::__is_pointer_p() const
 .text._ZNKSt9type_infoeqERKS_
                0x1000b2bc       0x30 /usr/lib/gcc/arm-none-eabi/8.3.1/../../../arm-none-eabi/lib/thumb/v6-m/nofp/libstdc++.a(tinfo.o)
                0x1000b2bc                std::type_info::operator==(std::type_info const&) const
 .text._ZNSt9exceptionD2Ev
                0x1000b2ec        0x4 /usr/lib/gcc/arm-none-eabi/8.3.1/../../../arm-none-eabi/lib/thumb/v6-m/nofp/libstdc++.a(eh_exception.o)
                0x1000b2ec                std::exception::~exception()
                0x1000b2ec                std::exception::~exception()
 .text._ZNSt13bad_exceptionD2Ev
                0x1000b2f0        0x4 /usr/lib/gcc/arm-none-eabi/8.3.1/../../../arm-none-eabi/lib/thumb/v6-m/nofp/libstdc++.a(eh_exception.o)
                0x1000b2f0                std::bad_exception::~bad_exception()
                0x1000b2f0                std::bad_exception::~bad_exception()
 .text._ZNKSt13bad_exception4whatEv
                0x1000b2f4        0x8 /usr/lib/gcc/arm-none-eabi/8.3.1/../../../arm-none-eabi/lib/thumb/v6-m/nofp/libstdc++.a(eh_exception.o)
                0x1000b2f4                transaction clone for std::bad_exception::what() const
                0x1000b2f4                std::bad_exception::what() const
 .text._ZNSt13bad_exceptionD0Ev
                0x1000b2fc       0x10 /usr/lib/gcc/arm-none-eabi/8.3.1/../../../arm-none-eabi/lib/thumb/v6-m/nofp/libstdc++.a(eh_exception.o)
                0x1000b2fc                std::bad_exception::~bad_exception()
 .text._ZNKSt11logic_error4whatEv
                0x1000b30c        0x4 /usr/lib/gcc/arm-none-eabi/8.3.1/../../../arm-none-eabi/lib/thumb/v6-m/nofp/libstdc++.a(stdexcept.o)
                0x1000b30c                std::logic_error::what() const
 .text._ZNSt11logic_errorD2Ev
                0x1000b310       0x40 /usr/lib/gcc/arm-none-eabi/8.3.1/../../../arm-none-eabi/lib/thumb/v6-m/nofp/libstdc++.a(stdexcept.o)
                0x1000b310                std::logic_error::~logic_error()
                0x1000b310                std::logic_error::~logic_error()